Component: ARM Compiler 5.06 update 5 (build 528) Tool: armlink [4d35e2]

==============================================================================

Section Cross References

    startup_stm32f407xx.o(STACK) refers (Special) to heapauxi.o(.text) for __use_two_region_memory
    startup_stm32f407xx.o(HEAP) refers (Special) to heapauxi.o(.text) for __use_two_region_memory
    startup_stm32f407xx.o(RESET) refers (Special) to heapauxi.o(.text) for __use_two_region_memory
    startup_stm32f407xx.o(RESET) refers to startup_stm32f407xx.o(STACK) for __initial_sp
    startup_stm32f407xx.o(RESET) refers to startup_stm32f407xx.o(.text) for Reset_Handler
    startup_stm32f407xx.o(RESET) refers to stm32f4xx_it.o(i.NMI_Handler) for NMI_Handler
    startup_stm32f407xx.o(RESET) refers to stm32f4xx_it.o(i.HardFault_Handler) for HardFault_Handler
    startup_stm32f407xx.o(RESET) refers to stm32f4xx_it.o(i.MemManage_Handler) for MemManage_Handler
    startup_stm32f407xx.o(RESET) refers to stm32f4xx_it.o(i.BusFault_Handler) for BusFault_Handler
    startup_stm32f407xx.o(RESET) refers to stm32f4xx_it.o(i.UsageFault_Handler) for UsageFault_Handler
    startup_stm32f407xx.o(RESET) refers to stm32f4xx_it.o(i.SVC_Handler) for SVC_Handler
    startup_stm32f407xx.o(RESET) refers to stm32f4xx_it.o(i.DebugMon_Handler) for DebugMon_Handler
    startup_stm32f407xx.o(RESET) refers to stm32f4xx_it.o(i.PendSV_Handler) for PendSV_Handler
    startup_stm32f407xx.o(RESET) refers to stm32f4xx_it.o(i.SysTick_Handler) for SysTick_Handler
    startup_stm32f407xx.o(RESET) refers to stm32f4xx_it.o(i.TIM3_IRQHandler) for TIM3_IRQHandler
    startup_stm32f407xx.o(.text) refers (Special) to heapauxi.o(.text) for __use_two_region_memory
    startup_stm32f407xx.o(.text) refers to system_stm32f4xx.o(i.SystemInit) for SystemInit
    startup_stm32f407xx.o(.text) refers to __main.o(!!!main) for __main
    startup_stm32f407xx.o(.text) refers to startup_stm32f407xx.o(HEAP) for Heap_Mem
    startup_stm32f407xx.o(.text) refers to startup_stm32f407xx.o(STACK) for Stack_Mem
    delay.o(i.GetSysTime_us) refers to init.o(.data) for SysTick_count
    delay.o(i.GetSysTime_us) refers to delay.o(.data) for .data
    delay.o(i.cycleCounterInit) refers to stm32f4xx_hal_rcc.o(i.HAL_RCC_GetClockConfig) for HAL_RCC_GetClockConfig
    delay.o(i.cycleCounterInit) refers to delay.o(.data) for .data
    delay.o(i.delay_ms) refers to delay.o(i.GetSysTime_us) for GetSysTime_us
    init.o(i.ALL_Init) refers to i2c.o(i.HAL_I2C_MspInit) for HAL_I2C_MspInit
    init.o(i.ALL_Init) refers to init.o(i.pid_param_Init) for pid_param_Init
    init.o(i.ALL_Init) refers to mpu6050.o(i.MPU6050_Init) for MPU6050_Init
    init.o(i.ALL_Init) refers to mpu6050.o(i.MpuGetOffset) for MpuGetOffset
    init.o(i.ALL_Init) refers to imu.o(i.Kalman_Init) for Kalman_Init
    init.o(i.ALL_Init) refers to location.o(i.Kalman_Dis_Init) for Kalman_Dis_Init
    init.o(i.ALL_Init) refers to ut.o(i.UT_Init) for UT_Init
    init.o(i.ALL_Init) refers to tim.o(i.HAL_TIM_MspPostInit) for HAL_TIM_MspPostInit
    init.o(i.ALL_Init) refers to init.o(.data) for .data
    init.o(i.ALL_Init) refers to i2c.o(.bss) for hi2c2
    init.o(i.ALL_Init) refers to tim.o(.bss) for htim2
    init.o(i.pid_param_Init) refers to init.o(.bss) for .bss
    location.o(i.Get_Location) refers to stm32f4xx_hal_tim.o(i.HAL_TIM_ReadCapturedValue) for HAL_TIM_ReadCapturedValue
    location.o(i.Get_Location) refers to dflt_clz.o(x$fpl$dfltu) for __aeabi_ui2d
    location.o(i.Get_Location) refers to dmul.o(x$fpl$dmul) for __aeabi_dmul
    location.o(i.Get_Location) refers to d2f.o(x$fpl$d2f) for __aeabi_d2f
    location.o(i.Get_Location) refers to f2d.o(x$fpl$f2d) for __aeabi_f2d
    location.o(i.Get_Location) refers to cos.o(i.__hardfp_cos) for __hardfp_cos
    location.o(i.Get_Location) refers to ddiv.o(x$fpl$ddiv) for __aeabi_ddiv
    location.o(i.Get_Location) refers to imu.o(i.Kalman_Filter) for Kalman_Filter
    location.o(i.Get_Location) refers to daddsub_clz.o(x$fpl$dadd) for __aeabi_dadd
    location.o(i.Get_Location) refers to tim.o(.bss) for htim4
    location.o(i.Get_Location) refers to location.o(.data) for .data
    location.o(i.Get_Location) refers to init.o(.bss) for Angle
    location.o(i.Get_Location) refers to location.o(.bss) for .bss
    location.o(i.Get_Location) refers to imu.o(.data) for speed_Mpu
    location.o(i.Kalman_Dis_Init) refers to location.o(.bss) for .bss
    flash.o(i.FLASH_erase_page) refers to stm32f4xx_hal_flash.o(i.HAL_FLASH_Unlock) for HAL_FLASH_Unlock
    flash.o(i.FLASH_erase_page) refers to stm32f4xx_hal_flash.o(i.HAL_FLASH_Lock) for HAL_FLASH_Lock
    flash.o(i.FLASH_erase_pages) refers to stm32f4xx_hal_flash.o(i.HAL_FLASH_Unlock) for HAL_FLASH_Unlock
    flash.o(i.FLASH_erase_pages) refers to stm32f4xx_hal_flash.o(i.HAL_FLASH_Lock) for HAL_FLASH_Lock
    flash.o(i.FLASH_read) refers to flash.o(.data) for .data
[...]
    pS                                       0x08006f50   Data          48  asin.o(.constdata)
    qS                                       0x08006f80   Data          32  asin.o(.constdata)
    .constdata                               0x08006fa0   Section      152  atan.o(.constdata)
    atanhi                                   0x08006fa0   Data          32  atan.o(.constdata)
    atanlo                                   0x08006fc0   Data          32  atan.o(.constdata)
    aTodd                                    0x08006fe0   Data          40  atan.o(.constdata)
    aTeven                                   0x08007008   Data          48  atan.o(.constdata)
    .constdata                               0x08007038   Section       48  cos_i.o(.constdata)
    C                                        0x08007038   Data          48  cos_i.o(.constdata)
    .constdata                               0x08007068   Section        8  qnan.o(.constdata)
    .constdata                               0x08007070   Section      200  rred.o(.constdata)
    pio2s                                    0x08007070   Data          48  rred.o(.constdata)
    twooverpi                                0x080070a0   Data         152  rred.o(.constdata)
    .constdata                               0x08007138   Section       40  sin_i.o(.constdata)
    S                                        0x08007138   Data          40  sin_i.o(.constdata)
    .data                                    0x20000000   Section        4  delay.o(.data)
    usTicks                                  0x20000000   Data           4  delay.o(.data)
    .data                                    0x20000004   Section        4  init.o(.data)
    .data                                    0x20000008   Section        1  init.o(.data)
    .data                                    0x2000000a   Section        8  init.o(.data)
    .data                                    0x20000014   Section       28  location.o(.data)
    .data                                    0x20000030   Section        4  flash.o(.data)
    .data                                    0x20000034   Section        2  main.o(.data)
    .data                                    0x20000036   Section        2  stm32f4xx_it.o(.data)
    Timer_state                              0x20000036   Data           1  stm32f4xx_it.o(.data)
    Dis_Flag                                 0x20000037   Data           1  stm32f4xx_it.o(.data)
    .data                                    0x20000038   Section       12  stm32f4xx_hal.o(.data)
    .data                                    0x20000044   Section        4  system_stm32f4xx.o(.data)
    .data                                    0x20000048   Section       23  oled.o(.data)
    .data                                    0x20000060   Section        8  led.o(.data)
    LastTime                                 0x20000064   Data           4  led.o(.data)
    .data                                    0x20000068   Section       80  mpu6050.o(.data)
    Mpu6050Addr                              0x20000068   Data           2  mpu6050.o(.data)
    pMpu                                     0x2000006c   Data           4  mpu6050.o(.data)
    ekf                                      0x20000070   Data          72  mpu6050.o(.data)
    .data                                    0x200000b8   Section       18  nrf24l01.o(.data)
    .data                                    0x200000cc   Section       60  imu.o(.data)
    Num                                      0x200000cc   Data           1  imu.o(.data)
    KpDef                                    0x200000e4   Data           4  imu.o(.data)
    KiDef                                    0x200000e8   Data           4  imu.o(.data)
    NormAcc                                  0x200000f4   Data           4  imu.o(.data)
    .data                                    0x20000108   Section       64  control.o(.data)
    status                                   0x20000108   Data           1  control.o(.data)
    status                                   0x20000109   Data           1  control.o(.data)
    .bss                                     0x20000148   Section       12  init.o(.bss)
    .bss                                     0x20000154   Section       12  init.o(.bss)
    .bss                                     0x20000160   Section       16  init.o(.bss)
    .bss                                     0x20000170   Section      624  init.o(.bss)
    .bss                                     0x200003e0   Section       96  location.o(.bss)
    .bss                                     0x20000440   Section      168  i2c.o(.bss)
    .bss                                     0x200004e8   Section      216  tim.o(.bss)
    .bss                                     0x200005c0   Section      136  usart.o(.bss)
    .bss                                     0x20000648   Section       32  stm32f4xx_hal_flash.o(.bss)
    .bss                                     0x20000668   Section       52  mpu6050.o(.bss)
    tBuff                                    0x20000674   Data          12  mpu6050.o(.bss)
    .bss                                     0x2000069c   Section       36  imu.o(.bss)
    .bss                                     0x200006c0   Section       72  remote.o(.bss)
    .bss                                     0x20000708   Section       96  libspace.o(.bss)
    HEAP                                     0x20000768   Section      512  startup_stm32f407xx.o(HEAP)
    Heap_Mem                                 0x20000768   Data         512  startup_stm32f407xx.o(HEAP)
    STACK                                    0x20000968   Section     1024  startup_stm32f407xx.o(STACK)
    Stack_Mem                                0x20000968   Data        1024  startup_stm32f407xx.o(STACK)
    __initial_sp                             0x20000d68   Data           0  startup_stm32f407xx.o(STACK)

    Global Symbols

    Symbol Name                              Value     Ov Type        Size  Object(Section)

    BuildAttributes$$THM_ISAv4$E$P$D$K$B$S$7EM$VFPi3$EXTD16$VFPS$VFMA$PE$A:L22UL41UL21$X:L11$S22US41US21$IEEE1$IW$USESV6$~STKCKD$USESV7$~SHL$OTIME$ROPI$IEEEX$EBA8$UX$STANDARDLIB$REQ8$PRES8$EABIv2 0x00000000   Number         0  anon$$obj.o ABSOLUTE
    __ARM_use_no_argv                        0x00000000   Number         0  main.o ABSOLUTE
    __ARM_exceptions_init                     - Undefined Weak Reference
    __alloca_initialize                       - Undefined Weak Reference
    __arm_preinit_                            - Undefined Weak Reference
    __cpp_initialize__aeabi_                  - Undefined Weak Reference
    __cxa_finalize                            - Undefined Weak Reference
    __rt_locale                               - Undefined Weak Reference
    __sigvec_lookup                           - Undefined Weak Reference
    _atexit_init                              - Undefined Weak Reference
    _call_atexit_fns                          - Undefined Weak Reference
    _clock_init                               - Undefined Weak Reference
    _fp_trap_init                             - Undefined Weak Reference
    _fp_trap_shutdown                         - Undefined Weak Reference
    _get_lc_collate                           - Undefined Weak Reference
    _get_lc_ctype                             - Undefined Weak Reference
    _get_lc_monetary                          - Undefined Weak Reference
    _get_lc_numeric                           - Undefined Weak Reference
    _get_lc_time                              - Undefined Weak Reference
    _getenv_init                              - Undefined Weak Reference
    _handle_redirection                       - Undefined Weak Reference
    _init_alloc                               - Undefined Weak Reference
    _init_user_alloc                          - Undefined Weak Reference
    _initio                                   - Undefined Weak Reference
    _rand_init                                - Undefined Weak Reference
    _signal_finish                            - Undefined Weak Reference
    _signal_init                              - Undefined Weak Reference
    _terminate_alloc                          - Undefined Weak Reference
    _terminate_user_alloc                     - Undefined Weak Reference
    _terminateio                              - Undefined Weak Reference
    __Vectors_Size                           0x00000188   Number         0  startup_stm32f407xx.o ABSOLUTE
    __Vectors                                0x08000000   Data           4  startup_stm32f407xx.o(RESET)
    __Vectors_End                            0x08000188   Data           0  startup_stm32f407xx.o(RESET)
    __main                                   0x08000189   Thumb Code     8  __main.o(!!!main)
    __scatterload                            0x08000191   Thumb Code     0  __scatter.o(!!!scatter)
    __scatterload_rt2                        0x08000191   Thumb Code    44  __scatter.o(!!!scatter)
    __scatterload_rt2_thumb_only             0x08000191   Thumb Code     0  __scatter.o(!!!scatter)
    __scatterload_null                       0x0800019f   Thumb Code     0  __scatter.o(!!!scatter)
    __decompress                             0x080001c5   Thumb Code    90  __dczerorl2.o(!!dczerorl2)
    __decompress1                            0x080001c5   Thumb Code     0  __dczerorl2.o(!!dczerorl2)
    __scatterload_zeroinit                   0x08000221   Thumb Code    28  __scatter_zi.o(!!handler_zi)
    __rt_lib_init                            0x0800023d   Thumb Code     0  libinit.o(.ARM.Collect$$libinit$$00000000)
    __rt_lib_init_fp_1                       0x0800023f   Thumb Code     0  libinit2.o(.ARM.Collect$$libinit$$00000001)
    __rt_lib_init_alloca_1                   0x08000243   Thumb Code     0  libinit2.o(.ARM.Collect$$libinit$$0000002E)
    __rt_lib_init_argv_1                     0x08000243   Thumb Code     0  libinit2.o(.ARM.Collect$$libinit$$0000002C)
    __rt_lib_init_atexit_1                   0x08000243   Thumb Code     0  libinit2.o(.ARM.Collect$$libinit$$0000001B)
    __rt_lib_init_clock_1                    0x08000243   Thumb Code     0  libinit2.o(.ARM.Collect$$libinit$$00000021)
    __rt_lib_init_cpp_1                      0x08000243   Thumb Code     0  libinit2.o(.ARM.Collect$$libinit$$00000032)
    __rt_lib_init_exceptions_1               0x08000243   Thumb Code     0  libinit2.o(.ARM.Collect$$libinit$$00000030)
    __rt_lib_init_fp_trap_1                  0x08000243   Thumb Code     0  libinit2.o(.ARM.Collect$$libinit$$0000001F)
    __rt_lib_init_getenv_1                   0x08000243   Thumb Code     0  libinit2.o(.ARM.Collect$$libinit$$00000023)
    __rt_lib_init_heap_1                     0x08000243   Thumb Code     0  libinit2.o(.ARM.Collect$$libinit$$0000000A)
    __rt_lib_init_lc_collate_1               0x08000243   Thumb Code     0  libinit2.o(.ARM.Collect$$libinit$$00000011)
    __rt_lib_init_lc_ctype_1                 0x08000243   Thumb Code     0  libinit2.o(.ARM.Collect$$libinit$$00000013)
    __rt_lib_init_lc_monetary_1              0x08000243   Thumb Code     0  libinit2.o(.ARM.Collect$$libinit$$00000015)
    __rt_lib_init_lc_numeric_1               0x08000243   Thumb Code     0  libinit2.o(.ARM.Collect$$libinit$$00000017)
    __rt_lib_init_lc_time_1                  0x08000243   Thumb Code     0  libinit2.o(.ARM.Collect$$libinit$$00000019)
    __rt_lib_init_preinit_1                  0x08000243   Thumb Code     0  libinit2.o(.ARM.Collect$$libinit$$00000004)
    __rt_lib_init_rand_1                     0x08000243   Thumb Code     0  libinit2.o(.ARM.Collect$$libinit$$0000000E)
    __rt_lib_init_return                     0x08000243   Thumb Code     0  libinit2.o(.ARM.Collect$$libinit$$00000033)
    __rt_lib_init_signal_1                   0x08000243   Thumb Code     0  libinit2.o(.ARM.Collect$$libinit$$0000001D)
    __rt_lib_init_stdio_1                    0x08000243   Thumb Code     0  libinit2.o(.ARM.Collect$$libinit$$00000025)
    __rt_lib_init_user_alloc_1               0x08000243   Thumb Code     0  libinit2.o(.ARM.Collect$$libinit$$0000000C)
    __rt_lib_shutdown                        0x08000245   Thumb Code     0  libshutdown.o(.ARM.Collect$$libshutdown$$00000000)
    __rt_lib_shutdown_cpp_1                  0x08000247   Thumb Code     0  libshutdown2.o(.ARM.Collect$$libshutdown$$00000002)
    __rt_lib_shutdown_fp_trap_1              0x08000247   Thumb Code     0  libshutdown2.o(.ARM.Collect$$libshutdown$$00000007)
    __rt_lib_shutdown_heap_1                 0x08000247   Thumb Code     0  libshutdown2.o(.ARM.Collect$$libshutdown$$0000000F)
    __rt_lib_shutdown_return                 0x08000247   Thumb Code     0  libshutdown2.o(.ARM.Collect$$libshutdown$$00000010)
    __rt_lib_shutdown_signal_1               0x08000247   Thumb Code     0  libshutdown2.o(.ARM.Collect$$libshutdown$$0000000A)
    __rt_lib_shutdown_stdio_1                0x08000247   Thumb Code     0  libshutdown2.o(.ARM.Collect$$libshutdown$$00000004)
    __rt_lib_shutdown_user_alloc_1           0x08000247   Thumb Code     0  libshutdown2.o(.ARM.Collect$$libshutdown$$0000000C)
    __rt_entry                               0x08000249   Thumb Code     0  __rtentry.o(.ARM.Collect$$rtentry$$00000000)
    __rt_entry_presh_1                       0x08000249   Thumb Code     0  __rtentry2.o(.ARM.Collect$$rtentry$$00000002)
    __rt_entry_sh                            0x08000249   Thumb Code     0  __rtentry4.o(.ARM.Collect$$rtentry$$00000004)
    __rt_entry_li                            0x0800024f   Thumb Code     0  __rtentry2.o(.ARM.Collect$$rtentry$$0000000A)
    __rt_entry_postsh_1                      0x0800024f   Thumb Code     0  __rtentry2.o(.ARM.Collect$$rtentry$$00000009)
    __rt_entry_main                          0x08000253   Thumb Code     0  __rtentry2.o(.ARM.Collect$$rtentry$$0000000D)
    __rt_entry_postli_1                      0x08000253   Thumb Code     0  __rtentry2.o(.ARM.Collect$$rtentry$$0000000C)
    __rt_exit                                0x0800025b   Thumb Code     0  rtexit.o(.ARM.Collect$$rtexit$$00000000)
    __rt_exit_ls                             0x0800025d   Thumb Code     0  rtexit2.o(.ARM.Collect$$rtexit$$00000003)
    __rt_exit_prels_1                        0x0800025d   Thumb Code     0  rtexit2.o(.ARM.Collect$$rtexit$$00000002)
    __rt_exit_exit                           0x08000261   Thumb Code     0  rtexit2.o(.ARM.Collect$$rtexit$$00000004)
    Reset_Handler                            0x08000269   Thumb Code     8  startup_stm32f407xx.o(.text)
    ADC_IRQHandler                           0x08000283   Thumb Code     0  startup_stm32f407xx.o(.text)
    CAN1_RX0_IRQHandler                      0x08000283   Thumb Code     0  startup_stm32f407xx.o(.text)
    CAN1_RX1_IRQHandler                      0x08000283   Thumb Code     0  startup_stm32f407xx.o(.text)
    CAN1_SCE_IRQHandler                      0x08000283   Thumb Code     0  startup_stm32f407xx.o(.text)
    CAN1_TX_IRQHandler                       0x08000283   Thumb Code     0  startup_stm32f407xx.o(.text)
    CAN2_RX0_IRQHandler                      0x08000283   Thumb Code     0  startup_stm32f407xx.o(.text)
    CAN2_RX1_IRQHandler                      0x08000283   Thumb Code     0  startup_stm32f407xx.o(.text)
    CAN2_SCE_IRQHandler                      0x08000283   Thumb Code     0  startup_stm32f407xx.o(.text)
    CAN2_TX_IRQHandler                       0x08000283   Thumb Code     0  startup_stm32f407xx.o(.text)
    DCMI_IRQHandler                          0x08000283   Thumb Code     0  startup_stm32f407xx.o(.text)
    DMA1_Stream0_IRQHandler                  0x08000283   Thumb Code     0  startup_stm32f407xx.o(.text)
    DMA1_Stream1_IRQHandler                  0x08000283   Thumb Code     0  startup_stm32f407xx.o(.text)
    DMA1_Stream2_IRQHandler                  0x08000283   Thumb Code     0  startup_stm32f407xx.o(.text)
    DMA1_Stream3_IRQHandler                  0x08000283   Thumb Code     0  startup_stm32f407xx.o(.text)
    DMA1_Stream4_IRQHandler                  0x08000283   Thumb Code     0  startup_stm32f407xx.o(.text)
    DMA1_Stream5_IRQHandler                  0x08000283   Thumb Code     0  startup_stm32f407xx.o(.text)
    DMA1_Stream6_IRQHandler                  0x08000283   Thumb Code     0  startup_stm32f407xx.o(.text)
    DMA1_Stream7_IRQHandler                  0x08000283   Thumb Code     0  startup_stm32f407xx.o(.text)
    DMA2_Stream0_IRQHandler                  0x08000283   Thumb Code     0  startup_stm32f407xx.o(.text)
    DMA2_Stream1_IRQHandler                  0x08000283   Thumb Code     0  startup_stm32f407xx.o(.text)
    DMA2_Stream2_IRQHandler                  0x08000283   Thumb Code     0  startup_stm32f407xx.o(.text)
    DMA2_Stream3_IRQHandler                  0x08000283   Thumb Code     0  startup_stm32f407xx.o(.text)
    DMA2_Stream4_IRQHandler                  0x08000283   Thumb Code     0  startup_stm32f407xx.o(.text)
    DMA2_Stream5_IRQHandler                  0x08000283   Thumb Code     0  startup_stm32f407xx.o(.text)
    DMA2_Stream6_IRQHandler                  0x08000283   Thumb Code     0  startup_stm32f407xx.o(.text)
    DMA2_Stream7_IRQHandler                  0x08000283   Thumb Code     0  startup_stm32f407xx.o(.text)
    ETH_IRQHandler                           0x08000283   Thumb Code     0  startup_stm32f407xx.o(.text)
    ETH_WKUP_IRQHandler                      0x08000283   Thumb Code     0  startup_stm32f407xx.o(.text)
    EXTI0_IRQHandler                         0x08000283   Thumb Code     0  startup_stm32f407xx.o(.text)
    EXTI15_10_IRQHandler                     0x08000283   Thumb Code     0  startup_stm32f407xx.o(.text)
    EXTI1_IRQHandler                         0x08000283   Thumb Code     0  startup_stm32f407xx.o(.text)
    EXTI2_IRQHandler                         0x08000283   Thumb Code     0  startup_stm32f407xx.o(.text)
    EXTI3_IRQHandler                         0x08000283   Thumb Code     0  startup_stm32f407xx.o(.text)
    EXTI4_IRQHandler                         0x08000283   Thumb Code     0  startup_stm32f407xx.o(.text)
    EXTI9_5_IRQHandler                       0x08000283   Thumb Code     0  startup_stm32f407xx.o(.text)
    FLASH_IRQHandler                         0x08000283   Thumb Code     0  startup_stm32f407xx.o(.text)
    FMC_IRQHandler                           0x08000283   Thumb Code     0  startup_stm32f407xx.o(.text)
    FPU_IRQHandler                           0x08000283   Thumb Code     0  startup_stm32f407xx.o(.text)
    HASH_RNG_IRQHandler                      0x08000283   Thumb Code     0  startup_stm32f407xx.o(.text)
    I2C1_ER_IRQHandler                       0x08000283   Thumb Code     0  startup_stm32f407xx.o(.text)
    I2C1_EV_IRQHandler                       0x08000283   Thumb Code     0  startup_stm32f407xx.o(.text)
    I2C2_ER_IRQHandler                       0x08000283   Thumb Code     0  startup_stm32f407xx.o(.text)
    I2C2_EV_IRQHandler                       0x08000283   Thumb Code     0  startup_stm32f407xx.o(.text)
    I2C3_ER_IRQHandler                       0x08000283   Thumb Code     0  startup_stm32f407xx.o(.text)
    I2C3_EV_IRQHandler                       0x08000283   Thumb Code     0  startup_stm32f407xx.o(.text)
    OTG_FS_IRQHandler                        0x08000283   Thumb Code     0  startup_stm32f407xx.o(.text)
    OTG_FS_WKUP_IRQHandler                   0x08000283   Thumb Code     0  startup_stm32f407xx.o(.text)
    OTG_HS_EP1_IN_IRQHandler                 0x08000283   Thumb Code     0  startup_stm32f407xx.o(.text)
    OTG_HS_EP1_OUT_IRQHandler                0x08000283   Thumb Code     0  startup_stm32f407xx.o(.text)
    OTG_HS_IRQHandler                        0x08000283   Thumb Code     0  startup_stm32f407xx.o(.text)
    OTG_HS_WKUP_IRQHandler                   0x08000283   Thumb Code     0  startup_stm32f407xx.o(.text)
    PVD_IRQHandler                           0x08000283   Thumb Code     0  startup_stm32f407xx.o(.text)
    RCC_IRQHandler                           0x08000283   Thumb Code     0  startup_stm32f407xx.o(.text)
    RTC_Alarm_IRQHandler                     0x08000283   Thumb Code     0  startup_stm32f407xx.o(.text)
    RTC_WKUP_IRQHandler                      0x08000283   Thumb Code     0  startup_stm32f407xx.o(.text)
    SDIO_IRQHandler                          0x08000283   Thumb Code     0  startup_stm32f407xx.o(.text)
    SPI1_IRQHandler                          0x08000283   Thumb Code     0  startup_stm32f407xx.o(.text)
    SPI2_IRQHandler                          0x08000283   Thumb Code     0  startup_stm32f407xx.o(.text)
    SPI3_IRQHandler                          0x08000283   Thumb Code     0  startup_stm32f407xx.o(.text)
    TAMP_STAMP_IRQHandler                    0x08000283   Thumb Code     0  startup_stm32f407xx.o(.text)
    TIM1_BRK_TIM9_IRQHandler                 0x08000283   Thumb Code     0  startup_stm32f407xx.o(.text)
    TIM1_CC_IRQHandler                       0x08000283   Thumb Code     0  startup_stm32f407xx.o(.text)
    TIM1_TRG_COM_TIM11_IRQHandler            0x08000283   Thumb Code     0  startup_stm32f407xx.o(.text)
    TIM1_UP_TIM10_IRQHandler                 0x08000283   Thumb Code     0  startup_stm32f407xx.o(.text)
    TIM2_IRQHandler                          0x08000283   Thumb Code     0  startup_stm32f407xx.o(.text)
    TIM4_IRQHandler                          0x08000283   Thumb Code     0  startup_stm32f407xx.o(.text)
    TIM5_IRQHandler                          0x08000283   Thumb Code     0  startup_stm32f407xx.o(.text)
    TIM6_DAC_IRQHandler                      0x08000283   Thumb Code     0  startup_stm32f407xx.o(.text)
    TIM7_IRQHandler                          0x08000283   Thumb Code     0  startup_stm32f407xx.o(.text)
    TIM8_BRK_TIM12_IRQHandler                0x08000283   Thumb Code     0  startup_stm32f407xx.o(.text)
    TIM8_CC_IRQHandler                       0x08000283   Thumb Code     0  startup_stm32f407xx.o(.text)
    TIM8_TRG_COM_TIM14_IRQHandler            0x08000283   Thumb Code     0  startup_stm32f407xx.o(.text)
    TIM8_UP_TIM13_IRQHandler                 0x08000283   Thumb Code     0  startup_stm32f407xx.o(.text)
    UART4_IRQHandler                         0x08000283   Thumb Code     0  startup_stm32f407xx.o(.text)
    UART5_IRQHandler                         0x08000283   Thumb Code     0  startup_stm32f407xx.o(.text)
    USART1_IRQHandler                        0x08000283   Thumb Code     0  startup_stm32f407xx.o(.text)
    USART2_IRQHandler                        0x08000283   Thumb Code     0  startup_stm32f407xx.o(.text)
    USART3_IRQHandler                        0x08000283   Thumb Code     0  startup_stm32f407xx.o(.text)
    USART6_IRQHandler                        0x08000283   Thumb Code     0  startup_stm32f407xx.o(.text)
    WWDG_IRQHandler                          0x08000283   Thumb Code     0  startup_stm32f407xx.o(.text)
    __user_initial_stackheap                 0x08000285   Thumb Code     0  startup_stm32f407xx.o(.text)
    __aeabi_uldivmod                         0x080002a9   Thumb Code     0  lludivv7m.o(.text)
    _ll_udiv                                 0x080002a9   Thumb Code   238  lludivv7m.o(.text)
    __aeabi_memclr4                          0x08000397   Thumb Code     0  rt_memclr_w.o(.text)
    __aeabi_memclr8                          0x08000397   Thumb Code     0  rt_memclr_w.o(.text)
    __rt_memclr_w                            0x08000397   Thumb Code    78  rt_memclr_w.o(.text)
    _memset_w                                0x0800039b   Thumb Code     0  rt_memclr_w.o(.text)
    __use_two_region_memory                  0x080003e5   Thumb Code     2  heapauxi.o(.text)
    __rt_heap_escrow$2region                 0x080003e7   Thumb Code     2  heapauxi.o(.text)
    __rt_heap_expand$2region                 0x080003e9   Thumb Code     2  heapauxi.o(.text)
    __read_errno                             0x080003eb   Thumb Code    10  _rserrno.o(.text)
    __set_errno                              0x080003f5   Thumb Code    12  _rserrno.o(.text)
    __aeabi_errno_addr                       0x08000401   Thumb Code     8  rt_errno_addr_intlibspace.o(.text)
    __errno$intlibspace                      0x08000401   Thumb Code     0  rt_errno_addr_intlibspace.o(.text)
    __rt_errno_addr$intlibspace              0x08000401   Thumb Code     0  rt_errno_addr_intlibspace.o(.text)
    __user_libspace                          0x08000409   Thumb Code     8  libspace.o(.text)
    __user_perproc_libspace                  0x08000409   Thumb Code     0  libspace.o(.text)
    __user_perthread_libspace                0x08000409   Thumb Code     0  libspace.o(.text)
    __user_setup_stackheap                   0x08000411   Thumb Code    74  sys_stackheap_outer.o(.text)
    exit                                     0x0800045b   Thumb Code    18  exit.o(.text)
    _sys_exit                                0x0800046d   Thumb Code     8  sys_exit.o(.text)
    __I$use$semihosting                      0x08000479   Thumb Code     0  use_no_semi.o(.text)
    __use_no_semihosting_swi                 0x08000479   Thumb Code     2  use_no_semi.o(.text)
    __semihosting_library_function           0x0800047b   Thumb Code     0  indicate_semi.o(.text)
    ALL_Init                                 0x0800047d   Thumb Code    60  init.o(i.ALL_Init)
    BusFault_Handler                         0x080004cd   Thumb Code     2  stm32f4xx_it.o(i.BusFault_Handler)
    CascadePID                               0x080004cf   Thumb Code    36  pid.o(i.CascadePID)
    DebugMon_Handler                         0x080004f3   Thumb Code     2  stm32f4xx_it.o(i.DebugMon_Handler)
    Error_Handler                            0x080004f5   Thumb Code     4  main.o(i.Error_Handler)
    FLASH_WaitForLastOperation               0x080005f5   Thumb Code    72  stm32f4xx_hal_flash.o(i.FLASH_WaitForLastOperation)
    FLASH_erase_page                         0x08000645   Thumb Code    20  flash.o(i.FLASH_erase_page)
    FLASH_write                              0x0800065d   Thumb Code    72  flash.o(i.FLASH_write)
    FlightPidControl_Auto                    0x080006b1   Thumb Code   576  control.o(i.FlightPidControl_Auto)
    FlightPidControl_RC                      0x08000951   Thumb Code   446  control.o(i.FlightPidControl_RC)
    GetAngle                                 0x08000b4d   Thumb Code  1510  imu.o(i.GetAngle)
    GetSysTime_us                            0x0800113d   Thumb Code    54  delay.o(i.GetSysTime_us)
    Get_Location                             0x0800117d   Thumb Code   412  location.o(i.Get_Location)
    HAL_Delay                                0x08001365   Thumb Code    32  stm32f4xx_hal.o(i.HAL_Delay)
    HAL_FLASH_Lock                           0x08001389   Thumb Code    14  stm32f4xx_hal_flash.o(i.HAL_FLASH_Lock)
    HAL_FLASH_Program                        0x0800139d   Thumb Code   116  stm32f4xx_hal_flash.o(i.HAL_FLASH_Program)
    HAL_FLASH_Unlock                         0x08001419   Thumb Code    32  stm32f4xx_hal_flash.o(i.HAL_FLASH_Unlock)
    HAL_GPIO_Init                            0x08001445   Thumb Code   450  stm32f4xx_hal_gpio.o(i.HAL_GPIO_Init)
    HAL_GPIO_ReadPin                         0x08001635   Thumb Code    10  stm32f4xx_hal_gpio.o(i.HAL_GPIO_ReadPin)
    HAL_GPIO_WritePin                        0x0800163f   Thumb Code    10  stm32f4xx_hal_gpio.o(i.HAL_GPIO_WritePin)
    HAL_GetTick                              0x08001649   Thumb Code     6  stm32f4xx_hal.o(i.HAL_GetTick)
    HAL_I2C_Init                             0x08001655   Thumb Code   376  stm32f4xx_hal_i2c.o(i.HAL_I2C_Init)
    HAL_I2C_IsDeviceReady                    0x080017dd   Thumb Code   354  stm32f4xx_hal_i2c.o(i.HAL_I2C_IsDeviceReady)
    HAL_I2C_Mem_Read                         0x08001949   Thumb Code   490  stm32f4xx_hal_i2c.o(i.HAL_I2C_Mem_Read)
    HAL_I2C_Mem_Write                        0x08001b41   Thumb Code   294  stm32f4xx_hal_i2c.o(i.HAL_I2C_Mem_Write)
    HAL_I2C_MspInit                          0x08001c71   Thumb Code   208  i2c.o(i.HAL_I2C_MspInit)
    HAL_IncTick                              0x08001d59   Thumb Code    12  stm32f4xx_hal.o(i.HAL_IncTick)
    HAL_Init                                 0x08001d69   Thumb Code    48  stm32f4xx_hal.o(i.HAL_Init)
    HAL_InitTick                             0x08001d9d   Thumb Code    54  stm32f4xx_hal.o(i.HAL_InitTick)
    HAL_MspInit                              0x08001ddd   Thumb Code    42  stm32f4xx_hal_msp.o(i.HAL_MspInit)
    HAL_NVIC_EnableIRQ                       0x08001e0d   Thumb Code    26  stm32f4xx_hal_cortex.o(i.HAL_NVIC_EnableIRQ)
    HAL_NVIC_SetPriority                     0x08001e29   Thumb Code    60  stm32f4xx_hal_cortex.o(i.HAL_NVIC_SetPriority)
    HAL_NVIC_SetPriorityGrouping             0x08001e69   Thumb Code    26  stm32f4xx_hal_cortex.o(i.HAL_NVIC_SetPriorityGrouping)
    HAL_RCC_ClockConfig                      0x08001e8d   Thumb Code   288  stm32f4xx_hal_rcc.o(i.HAL_RCC_ClockConfig)
    HAL_RCC_GetClockConfig                   0x08001fc1   Thumb Code    54  stm32f4xx_hal_rcc.o(i.HAL_RCC_GetClockConfig)
    HAL_RCC_GetPCLK1Freq                     0x08002001   Thumb Code    20  stm32f4xx_hal_rcc.o(i.HAL_RCC_GetPCLK1Freq)
    HAL_RCC_GetPCLK2Freq                     0x08002021   Thumb Code    20  stm32f4xx_hal_rcc.o(i.HAL_RCC_GetPCLK2Freq)
    HAL_RCC_GetSysClockFreq                  0x08002041   Thumb Code    88  stm32f4xx_hal_rcc.o(i.HAL_RCC_GetSysClockFreq)
    HAL_RCC_OscConfig                        0x080020a5   Thumb Code   856  stm32f4xx_hal_rcc.o(i.HAL_RCC_OscConfig)
    HAL_SYSTICK_Config                       0x08002411   Thumb Code    40  stm32f4xx_hal_cortex.o(i.HAL_SYSTICK_Config)
    HAL_TIMEx_BreakCallback                  0x08002439   Thumb Code     2  stm32f4xx_hal_tim_ex.o(i.HAL_TIMEx_BreakCallback)
    HAL_TIMEx_CommutCallback                 0x0800243b   Thumb Code     2  stm32f4xx_hal_tim_ex.o(i.HAL_TIMEx_CommutCallback)
    HAL_TIMEx_MasterConfigSynchronization    0x0800243d   Thumb Code   116  stm32f4xx_hal_tim_ex.o(i.HAL_TIMEx_MasterConfigSynchronization)
    HAL_TIM_Base_Init                        0x080024cd   Thumb Code    90  stm32f4xx_hal_tim.o(i.HAL_TIM_Base_Init)
    HAL_TIM_Base_MspInit                     0x08002529   Thumb Code    50  tim.o(i.HAL_TIM_Base_MspInit)
    HAL_TIM_Base_Start_IT                    0x08002565   Thumb Code   100  stm32f4xx_hal_tim.o(i.HAL_TIM_Base_Start_IT)
    HAL_TIM_Base_Stop_IT                     0x080025e5   Thumb Code    48  stm32f4xx_hal_tim.o(i.HAL_TIM_Base_Stop_IT)
    HAL_TIM_ConfigClockSource                0x08002615   Thumb Code   220  stm32f4xx_hal_tim.o(i.HAL_TIM_ConfigClockSource)
    HAL_TIM_IC_CaptureCallback               0x080026f1   Thumb Code     2  stm32f4xx_hal_tim.o(i.HAL_TIM_IC_CaptureCallback)
    HAL_TIM_IRQHandler                       0x080026f3   Thumb Code   358  stm32f4xx_hal_tim.o(i.HAL_TIM_IRQHandler)
    HAL_TIM_MspPostInit                      0x08002859   Thumb Code   112  tim.o(i.HAL_TIM_MspPostInit)
    HAL_TIM_OC_DelayElapsedCallback          0x080028d9   Thumb Code     2  stm32f4xx_hal_tim.o(i.HAL_TIM_OC_DelayElapsedCallback)
    HAL_TIM_PWM_ConfigChannel                0x080028db   Thumb Code   204  stm32f4xx_hal_tim.o(i.HAL_TIM_PWM_ConfigChannel)
    HAL_TIM_PWM_Init                         0x080029a7   Thumb Code    90  stm32f4xx_hal_tim.o(i.HAL_TIM_PWM_Init)
    HAL_TIM_PWM_MspInit                      0x08002a01   Thumb Code    52  tim.o(i.HAL_TIM_PWM_MspInit)
    HAL_TIM_PWM_PulseFinishedCallback        0x08002a3d   Thumb Code     2  stm32f4xx_hal_tim.o(i.HAL_TIM_PWM_PulseFinishedCallback)
    HAL_TIM_PeriodElapsedCallback            0x08002a3f   Thumb Code     2  stm32f4xx_hal_tim.o(i.HAL_TIM_PeriodElapsedCallback)
    HAL_TIM_ReadCapturedValue                0x08002a41   Thumb Code    42  stm32f4xx_hal_tim.o(i.HAL_TIM_ReadCapturedValue)
    HAL_TIM_TriggerCallback                  0x08002a6b   Thumb Code     2  stm32f4xx_hal_tim.o(i.HAL_TIM_TriggerCallback)
    HAL_UART_Init                            0x08002a6d   Thumb Code    98  stm32f4xx_hal_uart.o(i.HAL_UART_Init)
    HAL_UART_MspInit                         0x08002ad1   Thumb Code   146  usart.o(i.HAL_UART_MspInit)
    HardFault_Handler                        0x08002b79   Thumb Code     2  stm32f4xx_it.o(i.HardFault_Handler)
    Kalman_Dis_Init                          0x08002f49   Thumb Code   122  location.o(i.Kalman_Dis_Init)
    Kalman_Filter                            0x08002fe5   Thumb Code    70  imu.o(i.Kalman_Filter)
    Kalman_Init                              0x0800302d   Thumb Code    40  imu.o(i.Kalman_Init)
    MPU6050_Init                             0x08003065   Thumb Code   130  mpu6050.o(i.MPU6050_Init)
    MPU6050_Read_Accel                       0x080030ed   Thumb Code    74  mpu6050.o(i.MPU6050_Read_Accel)
    MPU6050_Read_Gyro                        0x08003141   Thumb Code   102  mpu6050.o(i.MPU6050_Read_Gyro)
    MX_GPIO_Init                             0x080031b5   Thumb Code   302  gpio.o(i.MX_GPIO_Init)
    MX_I2C2_Init                             0x080032f9   Thumb Code    50  i2c.o(i.MX_I2C2_Init)
    MX_I2C3_Init                             0x08003339   Thumb Code    50  i2c.o(i.MX_I2C3_Init)
    MX_TIM2_Init                             0x08003379   Thumb Code   150  tim.o(i.MX_TIM2_Init)
    MX_TIM3_Init                             0x08003415   Thumb Code    98  tim.o(i.MX_TIM3_Init)
    MX_TIM4_Init                             0x08003481   Thumb Code   150  tim.o(i.MX_TIM4_Init)
    MX_USART1_UART_Init                      0x08003521   Thumb Code    48  usart.o(i.MX_USART1_UART_Init)
    MX_USART6_UART_Init                      0x08003559   Thumb Code    48  usart.o(i.MX_USART6_UART_Init)
    MemManage_Handler                        0x08003591   Thumb Code     2  stm32f4xx_it.o(i.MemManage_Handler)
    MotorControl                             0x08003595   Thumb Code   466  control.o(i.MotorControl)
    MpuGetData                               0x08003799   Thumb Code   172  mpu6050.o(i.MpuGetData)
    MpuGetOffset                             0x08003855   Thumb Code   254  mpu6050.o(i.MpuGetOffset)
    NMI_Handler                              0x08003961   Thumb Code     2  stm32f4xx_it.o(i.NMI_Handler)
    NRF24L01_GPIO_Init                       0x08003963   Thumb Code    30  nrf24l01.o(i.NRF24L01_GPIO_Init)
    NRF24L01_Init                            0x08003981   Thumb Code   104  nrf24l01.o(i.NRF24L01_Init)
    NRF24L01_RX                              0x080039ed   Thumb Code    40  nrf24l01.o(i.NRF24L01_RX)
    NRF24L01_RXFLUSH                         0x08003a15   Thumb Code    24  nrf24l01.o(i.NRF24L01_RXFLUSH)
    NRF24L01_R_MISO                          0x08003a2d   Thumb Code     8  nrf24l01.o(i.NRF24L01_R_MISO)
    NRF24L01_ReadRXPayLoad                   0x08003a39   Thumb Code    48  nrf24l01.o(i.NRF24L01_ReadRXPayLoad)
    NRF24L01_ReadReg                         0x08003a69   Thumb Code    34  nrf24l01.o(i.NRF24L01_ReadReg)
    NRF24L01_ReadStatus                      0x08003a8b   Thumb Code    26  nrf24l01.o(i.NRF24L01_ReadStatus)
    NRF24L01_Receive                         0x08003aa5   Thumb Code    72  nrf24l01.o(i.NRF24L01_Receive)
    NRF24L01_SPI_SwapDate                    0x08003af1   Thumb Code    58  nrf24l01.o(i.NRF24L01_SPI_SwapDate)
    NRF24L01_TXFLUSH                         0x08003b2b   Thumb Code    24  nrf24l01.o(i.NRF24L01_TXFLUSH)
    NRF24L01_W_CE                            0x08003b45   Thumb Code    12  nrf24l01.o(i.NRF24L01_W_CE)
    NRF24L01_W_MOSI                          0x08003b55   Thumb Code    10  nrf24l01.o(i.NRF24L01_W_MOSI)
    NRF24L01_W_SCK                           0x08003b65   Thumb Code    10  nrf24l01.o(i.NRF24L01_W_SCK)
    NRF24L01_W_SCN                           0x08003b75   Thumb Code    12  nrf24l01.o(i.NRF24L01_W_SCN)
    NRF24L01_WriteReg                        0x08003b85   Thumb Code    36  nrf24l01.o(i.NRF24L01_WriteReg)
    NRF24L01_WriteRegs                       0x08003ba9   Thumb Code    50  nrf24l01.o(i.NRF24L01_WriteRegs)
    OLED_Clear                               0x08003bdb   Thumb Code    52  oled.o(i.OLED_Clear)
    OLED_Init                                0x08003c11   Thumb Code    28  oled.o(i.OLED_Init)
    OLED_Set_Pos                             0x08003c31   Thumb Code    34  oled.o(i.OLED_Set_Pos)
    OLED_ShowChar                            0x08003c55   Thumb Code   148  oled.o(i.OLED_ShowChar)
    OLED_ShowNum                             0x08003cf1   Thumb Code   116  oled.o(i.OLED_ShowNum)
    OLED_WR_CMD                              0x08003d65   Thumb Code    32  oled.o(i.OLED_WR_CMD)
    OLED_WR_DATA                             0x08003d89   Thumb Code    32  oled.o(i.OLED_WR_DATA)
    PendSV_Handler                           0x08003dad   Thumb Code     2  stm32f4xx_it.o(i.PendSV_Handler)
    PilotLED                                 0x08003db1   Thumb Code   106  led.o(i.PilotLED)
    Q_rsqrt                                  0x08003e29   Thumb Code    40  mymath.o(i.Q_rsqrt)
    RC_Analy                                 0x08003e55   Thumb Code   360  remote.o(i.RC_Analy)
    SVC_Handler                              0x08003ffd   Thumb Code     2  stm32f4xx_it.o(i.SVC_Handler)
    Sensor_I2C2_Read                         0x08004001   Thumb Code    34  mpu6050.o(i.Sensor_I2C2_Read)
    Sensor_I2C2_Serch                        0x08004029   Thumb Code    44  mpu6050.o(i.Sensor_I2C2_Serch)
    Sensor_I2C2_Write                        0x0800405d   Thumb Code    34  mpu6050.o(i.Sensor_I2C2_Write)
    SysTick_Handler                          0x08004085   Thumb Code     4  stm32f4xx_it.o(i.SysTick_Handler)
    SystemClock_Config                       0x08004089   Thumb Code   142  main.o(i.SystemClock_Config)
    SystemInit                               0x08004121   Thumb Code    12  system_stm32f4xx.o(i.SystemInit)
    TIM3_IRQHandler                          0x08004131   Thumb Code   144  stm32f4xx_it.o(i.TIM3_IRQHandler)
    TIM_Base_SetConfig                       0x080041d9   Thumb Code   156  stm32f4xx_hal_tim.o(i.TIM_Base_SetConfig)
    TIM_ETR_SetConfig                        0x080042a1   Thumb Code    20  stm32f4xx_hal_tim.o(i.TIM_ETR_SetConfig)
    TIM_OC2_SetConfig                        0x08004325   Thumb Code    98  stm32f4xx_hal_tim.o(i.TIM_OC2_SetConfig)
    UT_GetDistance                           0x0800459d   Thumb Code     2  ut.o(i.UT_GetDistance)
    UT_Init                                  0x0800459f   Thumb Code     2  ut.o(i.UT_Init)
    UsageFault_Handler                       0x080045a1   Thumb Code     2  stm32f4xx_it.o(i.UsageFault_Handler)
    __ARM_fpclassify                         0x080045a3   Thumb Code    48  fpclassify.o(i.__ARM_fpclassify)
    __hardfp_asin                            0x080045f9   Thumb Code   770  asin.o(i.__hardfp_asin)
    __hardfp_atan                            0x08004959   Thumb Code   622  atan.o(i.__hardfp_atan)
    __hardfp_atan2                           0x08004c31   Thumb Code   432  atan2.o(i.__hardfp_atan2)
    __hardfp_cos                             0x08004e21   Thumb Code   180  cos.o(i.__hardfp_cos)
    __ieee754_rem_pio2                       0x08004ee9   Thumb Code   938  rred.o(i.__ieee754_rem_pio2)
    __kernel_cos                             0x08005321   Thumb Code   322  cos_i.o(i.__kernel_cos)
    __kernel_poly                            0x08005491   Thumb Code   248  poly.o(i.__kernel_poly)
    __kernel_sin                             0x08005589   Thumb Code   280  sin_i.o(i.__kernel_sin)
    __mathlib_dbl_infnan                     0x080056b9   Thumb Code    20  dunder.o(i.__mathlib_dbl_infnan)
    __mathlib_dbl_infnan2                    0x080056cd   Thumb Code    20  dunder.o(i.__mathlib_dbl_infnan2)
    __mathlib_dbl_invalid                    0x080056e1   Thumb Code    24  dunder.o(i.__mathlib_dbl_invalid)
    __mathlib_dbl_underflow                  0x08005701   Thumb Code    24  dunder.o(i.__mathlib_dbl_underflow)
    atan                                     0x08005721   Thumb Code    16  atan.o(i.atan)
    cycleCounterInit                         0x08005731   Thumb Code    28  delay.o(i.cycleCounterInit)
    delay_ms                                 0x08005755   Thumb Code    34  delay.o(i.delay_ms)
    fabs                                     0x08005777   Thumb Code    24  fabs.o(i.fabs)
    kalman_1                                 0x0800578f   Thumb Code    66  kalman.o(i.kalman_1)
    main                                     0x080057d1   Thumb Code   242  main.o(i.main)
    oled_pow                                 0x080058d5   Thumb Code    16  oled.o(i.oled_pow)
    pidRest                                  0x080058e5   Thumb Code    50  pid.o(i.pidRest)
    pidUpdate                                0x0800591d   Thumb Code    74  pid.o(i.pidUpdate)
    pid_param_Init                           0x08005969   Thumb Code   254  init.o(i.pid_param_Init)
    sqrt                                     0x08005aad   Thumb Code   110  sqrt.o(i.sqrt)
    __aeabi_dneg                             0x08005b1b   Thumb Code     0  basic.o(x$fpl$basic)
    _dneg                                    0x08005b1b   Thumb Code     6  basic.o(x$fpl$basic)
    __aeabi_fneg                             0x08005b21   Thumb Code     0  basic.o(x$fpl$basic)
    _fneg                                    0x08005b21   Thumb Code     6  basic.o(x$fpl$basic)
    _dabs                                    0x08005b27   Thumb Code     6  basic.o(x$fpl$basic)
    _fabs                                    0x08005b2d   Thumb Code     6  basic.o(x$fpl$basic)
    __aeabi_d2f                              0x08005b35   Thumb Code     0  d2f.o(x$fpl$d2f)
    _d2f                                     0x08005b35   Thumb Code    98  d2f.o(x$fpl$d2f)
    __aeabi_dadd                             0x08005b99   Thumb Code     0  daddsub_clz.o(x$fpl$dadd)
    _dadd                                    0x08005b99   Thumb Code   332  daddsub_clz.o(x$fpl$dadd)
    __aeabi_ddiv                             0x08005ce9   Thumb Code     0  ddiv.o(x$fpl$ddiv)
    _ddiv                                    0x08005ce9   Thumb Code   552  ddiv.o(x$fpl$ddiv)
    __aeabi_d2iz                             0x08005f99   Thumb Code     0  dfix.o(x$fpl$dfix)
    _dfix                                    0x08005f99   Thumb Code    94  dfix.o(x$fpl$dfix)
    __aeabi_d2uiz                            0x08005ff9   Thumb Code     0  dfixu.o(x$fpl$dfixu)
    _dfixu                                   0x08005ff9   Thumb Code    90  dfixu.o(x$fpl$dfixu)
    __aeabi_i2d                              0x08006053   Thumb Code     0  dflt_clz.o(x$fpl$dflt)
    _dflt                                    0x08006053   Thumb Code    46  dflt_clz.o(x$fpl$dflt)
    __aeabi_ui2d                             0x08006081   Thumb Code     0  dflt_clz.o(x$fpl$dfltu)
    _dfltu                                   0x08006081   Thumb Code    38  dflt_clz.o(x$fpl$dfltu)
    __aeabi_dmul                             0x080060a9   Thumb Code     0  dmul.o(x$fpl$dmul)
    _dmul                                    0x080060a9   Thumb Code   332  dmul.o(x$fpl$dmul)
    __fpl_dnaninf                            0x080061fd   Thumb Code   156  dnaninf.o(x$fpl$dnaninf)
    __fpl_dretinf                            0x08006299   Thumb Code    12  dretinf.o(x$fpl$dretinf)
    __aeabi_drsub                            0x080062a5   Thumb Code     0  daddsub_clz.o(x$fpl$drsb)
    _drsb                                    0x080062a5   Thumb Code    22  daddsub_clz.o(x$fpl$drsb)
    _dsqrt                                   0x080062bd   Thumb Code   404  dsqrt_umaal.o(x$fpl$dsqrt)
    __aeabi_dsub                             0x08006455   Thumb Code     0  daddsub_clz.o(x$fpl$dsub)
    _dsub                                    0x08006455   Thumb Code   464  daddsub_clz.o(x$fpl$dsub)
    __aeabi_f2d                              0x08006629   Thumb Code     0  f2d.o(x$fpl$f2d)
    _f2d                                     0x08006629   Thumb Code    86  f2d.o(x$fpl$f2d)
    __fpl_fnaninf                            0x0800667f   Thumb Code   140  fnaninf.o(x$fpl$fnaninf)
    _fp_init                                 0x0800670b   Thumb Code    10  fpinit.o(x$fpl$fpinit)
    __fplib_config_fpu_vfp                   0x08006713   Thumb Code     0  fpinit.o(x$fpl$fpinit)
    __fplib_config_pureend_doubles           0x08006713   Thumb Code     0  fpinit.o(x$fpl$fpinit)
    __fpl_fretinf                            0x08006715   Thumb Code    10  fretinf.o(x$fpl$fretinf)
    AHBPrescTable                            0x0800671e   Data          16  system_stm32f4xx.o(.constdata)
    __I$use$fp                               0x0800671e   Number         0  usenofp.o(x$fpl$usenofp)
    APBPrescTable                            0x0800672e   Data           8  system_stm32f4xx.o(.constdata)
    F6x8                                     0x08006736   Data         552  oledfont.o(.constdata)
    F8X16                                    0x0800695e   Data        1504  oledfont.o(.constdata)
    RtA                                      0x08006f40   Data           4  mymath.o(.constdata)
    Gyro_G                                   0x08006f44   Data           4  mymath.o(.constdata)
    Gyro_Gr                                  0x08006f48   Data           4  mymath.o(.constdata)
    __mathlib_zero                           0x08007068   Data           8  qnan.o(.constdata)
    Region$$Table$$Base                      0x08007160   Number         0  anon$$obj.o(Region$$Table)
    Region$$Table$$Limit                     0x08007180   Number         0  anon$$obj.o(Region$$Table)
    SysTick_count                            0x20000004   Data           4  init.o(.data)
    ALL_flag                                 0x20000008   Data           1  init.o(.data)
    motor_PWM_Value                          0x2000000a   Data           8  init.o(.data)
    Start_Flag                               0x20000014   Data           1  location.o(.data)
    Mis_Flage                                0x20000015   Data           1  location.o(.data)
    Speed_Last                               0x20000018   Data           4  location.o(.data)
    Speed_Now                                0x2000001c   Data           4  location.o(.data)
    Distance_Last                            0x20000020   Data           4  location.o(.data)
    Speed_Hc_Sr04                            0x20000024   Data           4  location.o(.data)
    Speed_HC_Sr04_Last                       0x20000028   Data           4  location.o(.data)
    Distance                                 0x2000002c   Data           4  location.o(.data)
    Address                                  0x20000030   Data           4  flash.o(.data)
    NRF_R_Success                            0x20000034   Data           1  main.o(.data)
    NRF_R_Not                                0x20000035   Data           1  main.o(.data)
    uwTickFreq                               0x20000038   Data           1  stm32f4xx_hal.o(.data)
    uwTickPrio                               0x2000003c   Data           4  stm32f4xx_hal.o(.data)
    uwTick                                   0x20000040   Data           4  stm32f4xx_hal.o(.data)
    SystemCoreClock                          0x20000044   Data           4  system_stm32f4xx.o(.data)
    CMD_Data                                 0x20000048   Data          23  oled.o(.data)
    LED                                      0x20000060   Data           4  led.o(.data)
    NRF24L01_RxPacket                        0x200000b8   Data           4  nrf24l01.o(.data)
    NRF24L01_TxPacket                        0x200000bc   Data           4  nrf24l01.o(.data)
    NRF24L01_RXAddress                       0x200000c0   Data           5  nrf24l01.o(.data)
    NRF24L01_TXAddress                       0x200000c5   Data           5  nrf24l01.o(.data)
    Accler_X                                 0x200000d0   Data           4  imu.o(.data)
    Accler_Y                                 0x200000d4   Data           4  imu.o(.data)
    Accler_Z                                 0x200000d8   Data           4  imu.o(.data)
    speed_Mpu                                0x200000dc   Data           4  imu.o(.data)
    Speed_Mpu02                              0x200000e0   Data           4  imu.o(.data)
    speed_Mpu_X                              0x200000ec   Data           4  imu.o(.data)
    speed_Mpu_Y                              0x200000f0   Data           4  imu.o(.data)
    NumQ                                     0x200000f8   Data          16  imu.o(.data)
    pidHigh_desired                          0x2000010c   Data           4  control.o(.data)
    roll_pitch_ratio                         0x20000110   Data           4  control.o(.data)
    yaw_ratio                                0x20000114   Data           4  control.o(.data)
    pPidObject                               0x20000118   Data          48  control.o(.data)
    MPU6050                                  0x20000148   Data          12  init.o(.bss)
    Angle                                    0x20000154   Data          12  init.o(.bss)
    Remote                                   0x20000160   Data          16  init.o(.bss)
    pidNatureX                               0x20000170   Data          52  init.o(.bss)
    pidNatureY                               0x200001a4   Data          52  init.o(.bss)
    pidLocationX                             0x200001d8   Data          52  init.o(.bss)
    pidLocationY                             0x2000020c   Data          52  init.o(.bss)
    pidHigh                                  0x20000240   Data          52  init.o(.bss)
    pidHigh_Speed                            0x20000274   Data          52  init.o(.bss)
    pidRateX                                 0x200002a8   Data          52  init.o(.bss)
    pidRateY                                 0x200002dc   Data          52  init.o(.bss)
    pidRateZ                                 0x20000310   Data          52  init.o(.bss)
    pidPitch                                 0x20000344   Data          52  init.o(.bss)
    pidRoll                                  0x20000378   Data          52  init.o(.bss)
    pidYaw                                   0x200003ac   Data          52  init.o(.bss)
    KF_Distance                              0x200003e0   Data          24  location.o(.bss)
    KF_HCSr04_Speed                          0x200003f8   Data          24  location.o(.bss)
    KF_Speed_X                               0x20000410   Data          24  location.o(.bss)
    KF_Speed_Y                               0x20000428   Data          24  location.o(.bss)
    hi2c2                                    0x20000440   Data          84  i2c.o(.bss)
    hi2c3                                    0x20000494   Data          84  i2c.o(.bss)
    htim2                                    0x200004e8   Data          72  tim.o(.bss)
    htim3                                    0x20000530   Data          72  tim.o(.bss)
    htim4                                    0x20000578   Data          72  tim.o(.bss)
    huart1                                   0x200005c0   Data          68  usart.o(.bss)
    huart6                                   0x20000604   Data          68  usart.o(.bss)
    pFlash                                   0x20000648   Data          32  stm32f4xx_hal_flash.o(.bss)
    MpuOffset                                0x20000668   Data          12  mpu6050.o(.bss)
    Mpu6050_Data                             0x20000680   Data          28  mpu6050.o(.bss)
    GyroIntegError                           0x2000069c   Data          12  imu.o(.bss)
    KF                                       0x200006a8   Data          24  imu.o(.bss)
    CH                                       0x200006c0   Data          72  remote.o(.bss)
    __libspace_start                         0x20000708   Data          96  libspace.o(.bss)
    __temporary_stack_top$libspace           0x20000768   Data           0  libspace.o(.bss)



==============================================================================

Memory Map of the image

  Image Entry point : 0x08000189

  Load Region LR_IROM1 (Base: 0x08000000, Size: 0x000072c8, Max: 0x00080000, ABSOLUTE, COMPRESSED[0x00007208])

    Execution Region ER_IROM1 (Exec base: 0x08000000, Load base: 0x08000000, Size: 0x00007180, Max: 0x00080000, ABSOLUTE)

    Exec Addr    Load Addr    Size         Type   Attr      Idx    E Section Name        Object

    0x08000000   0x08000000   0x00000188   Data   RO            3    RESET               startup_stm32f407xx.o
    0x08000188   0x08000188   0x00000008   Code   RO         4944  * !!!main             c_w.l(__main.o)
    0x08000190   0x08000190   0x00000034   Code   RO         5312    !!!scatter          c_w.l(__scatter.o)
    0x080001c4   0x080001c4   0x0000005a   Code   RO         5310    !!dczerorl2         c_w.l(__dczerorl2.o)
    0x0800021e   0x0800021e   0x00000002   PAD
    0x08000220   0x08000220   0x0000001c   Code   RO         5314    !!handler_zi        c_w.l(__scatter_zi.o)
    0x0800023c   0x0800023c   0x00000002   Code   RO         5181    .ARM.Collect$$libinit$$00000000  c_w.l(libinit.o)
    0x0800023e   0x0800023e   0x00000004   Code   RO         5192    .ARM.Collect$$libinit$$00000001  c_w.l(libinit2.o)
    0x08000242   0x08000242   0x00000000   Code   RO         5195    .ARM.Collect$$libinit$$00000004  c_w.l(libinit2.o)
    0x08000242   0x08000242   0x00000000   Code   RO         5198    .ARM.Collect$$libinit$$0000000A  c_w.l(libinit2.o)
    0x08000242   0x08000242   0x00000000   Code   RO         5200    .ARM.Collect$$libinit$$0000000C  c_w.l(libinit2.o)
    0x08000242   0x08000242   0x00000000   Code   RO         5202    .ARM.Collect$$libinit$$0000000E  c_w.l(libinit2.o)
    0x08000242   0x08000242   0x00000000   Code   RO         5205    .ARM.Collect$$libinit$$00000011  c_w.l(libinit2.o)
    0x08000242   0x08000242   0x00000000   Code   RO         5207    .ARM.Collect$$libinit$$00000013  c_w.l(libinit2.o)
    0x08000242   0x08000242   0x00000000   Code   RO         5209    .ARM.Collect$$libinit$$00000015  c_w.l(libinit2.o)
    0x08000242   0x08000242   0x00000000   Code   RO         5211    .ARM.Collect$$libinit$$00000017  c_w.l(libinit2.o)
    0x08000242   0x08000242   0x00000000   Code   RO         5213    .ARM.Collect$$libinit$$00000019  c_w.l(libinit2.o)
    0x08000242   0x08000242   0x00000000   Code   RO         5215    .ARM.Collect$$libinit$$0000001B  c_w.l(libinit2.o)
    0x08000242   0x08000242   0x00000000   Code   RO         5217    .ARM.Collect$$libinit$$0000001D  c_w.l(libinit2.o)
    0x08000242   0x08000242   0x00000000   Code   RO         5219    .ARM.Collect$$libinit$$0000001F  c_w.l(libinit2.o)
    0x08000242   0x08000242   0x00000000   Code   RO         5221    .ARM.Collect$$libinit$$00000021  c_w.l(libinit2.o)
    0x08000242   0x08000242   0x00000000   Code   RO         5223    .ARM.Collect$$libinit$$00000023  c_w.l(libinit2.o)
    0x08000242   0x08000242   0x00000000   Code   RO         5225    .ARM.Collect$$libinit$$00000025  c_w.l(libinit2.o)
    0x08000242   0x08000242   0x00000000   Code   RO         5229    .ARM.Collect$$libinit$$0000002C  c_w.l(libinit2.o)
    0x08000242   0x08000242   0x00000000   Code   RO         5231    .ARM.Collect$$libinit$$0000002E  c_w.l(libinit2.o)
    0x08000242   0x08000242   0x00000000   Code   RO         5233    .ARM.Collect$$libinit$$00000030  c_w.l(libinit2.o)
    0x08000242   0x08000242   0x00000000   Code   RO         5235    .ARM.Collect$$libinit$$00000032  c_w.l(libinit2.o)
    0x08000242   0x08000242   0x00000002   Code   RO         5236    .ARM.Collect$$libinit$$00000033  c_w.l(libinit2.o)
    0x08000244   0x08000244   0x00000002   Code   RO         5267    .ARM.Collect$$libshutdown$$00000000  c_w.l(libshutdown.o)
    0x08000246   0x08000246   0x00000000   Code   RO         5293    .ARM.Collect$$libshutdown$$00000002  c_w.l(libshutdown2.o)
    0x08000246   0x08000246   0x00000000   Code   RO         5295    .ARM.Collect$$libshutdown$$00000004  c_w.l(libshutdown2.o)
    0x08000246   0x08000246   0x00000000   Code   RO         5298    .ARM.Collect$$libshutdown$$00000007  c_w.l(libshutdown2.o)
    0x08000246   0x08000246   0x00000000   Code   RO         5301    .ARM.Collect$$libshutdown$$0000000A  c_w.l(libshutdown2.o)
    0x08000246   0x08000246   0x00000000   Code   RO         5303    .ARM.Collect$$libshutdown$$0000000C  c_w.l(libshutdown2.o)
    0x08000246   0x08000246   0x00000000   Code   RO         5306    .ARM.Collect$$libshutdown$$0000000F  c_w.l(libshutdown2.o)
    0x08000246   0x08000246   0x00000002   Code   RO         5307    .ARM.Collect$$libshutdown$$00000010  c_w.l(libshutdown2.o)
    0x08000248   0x08000248   0x00000000   Code   RO         5022    .ARM.Collect$$rtentry$$00000000  c_w.l(__rtentry.o)
    0x08000248   0x08000248   0x00000000   Code   RO         5136    .ARM.Collect$$rtentry$$00000002  c_w.l(__rtentry2.o)
    0x08000248   0x08000248   0x00000006   Code   RO         5148    .ARM.Collect$$rtentry$$00000004  c_w.l(__rtentry4.o)
    0x0800024e   0x0800024e   0x00000000   Code   RO         5138    .ARM.Collect$$rtentry$$00000009  c_w.l(__rtentry2.o)
    0x0800024e   0x0800024e   0x00000004   Code   RO         5139    .ARM.Collect$$rtentry$$0000000A  c_w.l(__rtentry2.o)
    0x08000252   0x08000252   0x00000000   Code   RO         5141    .ARM.Collect$$rtentry$$0000000C  c_w.l(__rtentry2.o)
    0x08000252   0x08000252   0x00000008   Code   RO         5142    .ARM.Collect$$rtentry$$0000000D  c_w.l(__rtentry2.o)
    0x0800025a   0x0800025a   0x00000002   Code   RO         5184    .ARM.Collect$$rtexit$$00000000  c_w.l(rtexit.o)
    0x0800025c   0x0800025c   0x00000000   Code   RO         5240    .ARM.Collect$$rtexit$$00000002  c_w.l(rtexit2.o)
    0x0800025c   0x0800025c   0x00000004   Code   RO         5241    .ARM.Collect$$rtexit$$00000003  c_w.l(rtexit2.o)
    0x08000260   0x08000260   0x00000006   Code   RO         5242    .ARM.Collect$$rtexit$$00000004  c_w.l(rtexit2.o)
    0x08000266   0x08000266   0x00000002   PAD
    0x08000268   0x08000268   0x00000040   Code   RO            4    .text               startup_stm32f407xx.o
    0x080002a8   0x080002a8   0x000000ee   Code   RO         4936    .text               c_w.l(lludivv7m.o)
    0x08000396   0x08000396   0x0000004e   Code   RO         4940    .text               c_w.l(rt_memclr_w.o)
    0x080003e4   0x080003e4   0x00000006   Code   RO         4942    .text               c_w.l(heapauxi.o)
    0x080003ea   0x080003ea   0x00000016   Code   RO         5027    .text               c_w.l(_rserrno.o)
    0x08000400   0x08000400   0x00000008   Code   RO         5155    .text               c_w.l(rt_errno_addr_intlibspace.o)
    0x08000408   0x08000408   0x00000008   Code   RO         5165    .text               c_w.l(libspace.o)
    0x08000410   0x08000410   0x0000004a   Code   RO         5168    .text               c_w.l(sys_stackheap_outer.o)
    0x0800045a   0x0800045a   0x00000012   Code   RO         5170    .text               c_w.l(exit.o)
    0x0800046c   0x0800046c   0x0000000c   Code   RO         5237    .text               c_w.l(sys_exit.o)
    0x08000478   0x08000478   0x00000002   Code   RO         5256    .text               c_w.l(use_no_semi.o)
    0x0800047a   0x0800047a   0x00000000   Code   RO         5258    .text               c_w.l(indicate_semi.o)
    0x0800047a   0x0800047a   0x00000002   PAD
    0x0800047c   0x0800047c   0x00000050   Code   RO          165    i.ALL_Init          init.o
    0x080004cc   0x080004cc   0x00000002   Code   RO          665    i.BusFault_Handler  stm32f4xx_it.o
    0x080004ce   0x080004ce   0x00000024   Code   RO         4588    i.CascadePID        pid.o
    0x080004f2   0x080004f2   0x00000002   Code   RO          666    i.DebugMon_Handler  stm32f4xx_it.o
    0x080004f4   0x080004f4   0x00000004   Code   RO          401    i.Error_Handler     main.o
    0x080004f8   0x080004f8   0x00000020   Code   RO         1383    i.FLASH_Program_Byte  stm32f4xx_hal_flash.o
    0x08000518   0x08000518   0x0000002c   Code   RO         1384    i.FLASH_Program_DoubleWord  stm32f4xx_hal_flash.o
    0x08000544   0x08000544   0x00000024   Code   RO         1385    i.FLASH_Program_HalfWord  stm32f4xx_hal_flash.o
    0x08000568   0x08000568   0x00000024   Code   RO         1386    i.FLASH_Program_Word  stm32f4xx_hal_flash.o
    0x0800058c   0x0800058c   0x00000068   Code   RO         1387    i.FLASH_SetErrorCode  stm32f4xx_hal_flash.o
    0x080005f4   0x080005f4   0x00000050   Code   RO         1388    i.FLASH_WaitForLastOperation  stm32f4xx_hal_flash.o
    0x08000644   0x08000644   0x00000018   Code   RO          349    i.FLASH_erase_page  flash.o
    0x0800065c   0x0800065c   0x00000054   Code   RO          352    i.FLASH_write       flash.o
    0x080006b0   0x080006b0   0x000002a0   Code   RO         4677    i.FlightPidControl_Auto  control.o
    0x08000950   0x08000950   0x000001fc   Code   RO         4678    i.FlightPidControl_RC  control.o
    0x08000b4c   0x08000b4c   0x000005f0   Code   RO         4355    i.GetAngle          imu.o
    0x0800113c   0x0800113c   0x00000040   Code   RO           13    i.GetSysTime_us     delay.o
    0x0800117c   0x0800117c   0x000001e8   Code   RO          275    i.Get_Location      location.o
    0x08001364   0x08001364   0x00000024   Code   RO         2108    i.HAL_Delay         stm32f4xx_hal.o
    0x08001388   0x08001388   0x00000014   Code   RO         1392    i.HAL_FLASH_Lock    stm32f4xx_hal_flash.o
    0x0800139c   0x0800139c   0x0000007c   Code   RO         1397    i.HAL_FLASH_Program  stm32f4xx_hal_flash.o
    0x08001418   0x08001418   0x0000002c   Code   RO         1399    i.HAL_FLASH_Unlock  stm32f4xx_hal_flash.o
    0x08001444   0x08001444   0x000001f0   Code   RO         1582    i.HAL_GPIO_Init     stm32f4xx_hal_gpio.o
    0x08001634   0x08001634   0x0000000a   Code   RO         1584    i.HAL_GPIO_ReadPin  stm32f4xx_hal_gpio.o
    0x0800163e   0x0800163e   0x0000000a   Code   RO         1586    i.HAL_GPIO_WritePin  stm32f4xx_hal_gpio.o
    0x08001648   0x08001648   0x0000000c   Code   RO         2114    i.HAL_GetTick       stm32f4xx_hal.o
    0x08001654   0x08001654   0x00000188   Code   RO          788    i.HAL_I2C_Init      stm32f4xx_hal_i2c.o
    0x080017dc   0x080017dc   0x0000016c   Code   RO          789    i.HAL_I2C_IsDeviceReady  stm32f4xx_hal_i2c.o
    0x08001948   0x08001948   0x000001f8   Code   RO          806    i.HAL_I2C_Mem_Read  stm32f4xx_hal_i2c.o
    0x08001b40   0x08001b40   0x00000130   Code   RO          809    i.HAL_I2C_Mem_Write  stm32f4xx_hal_i2c.o
    0x08001c70   0x08001c70   0x000000e8   Code   RO          498    i.HAL_I2C_MspInit   i2c.o
    0x08001d58   0x08001d58   0x00000010   Code   RO         2120    i.HAL_IncTick       stm32f4xx_hal.o
    0x08001d68   0x08001d68   0x00000034   Code   RO         2121    i.HAL_Init          stm32f4xx_hal.o
    0x08001d9c   0x08001d9c   0x00000040   Code   RO         2122    i.HAL_InitTick      stm32f4xx_hal.o
    0x08001ddc   0x08001ddc   0x00000030   Code   RO          753    i.HAL_MspInit       stm32f4xx_hal_msp.o
    0x08001e0c   0x08001e0c   0x0000001a   Code   RO         1971    i.HAL_NVIC_EnableIRQ  stm32f4xx_hal_cortex.o
    0x08001e26   0x08001e26   0x00000002   PAD
    0x08001e28   0x08001e28   0x00000040   Code   RO         1977    i.HAL_NVIC_SetPriority  stm32f4xx_hal_cortex.o
    0x08001e68   0x08001e68   0x00000024   Code   RO         1978    i.HAL_NVIC_SetPriorityGrouping  stm32f4xx_hal_cortex.o
    0x08001e8c   0x08001e8c   0x00000134   Code   RO         1228    i.HAL_RCC_ClockConfig  stm32f4xx_hal_rcc.o
    0x08001fc0   0x08001fc0   0x00000040   Code   RO         1232    i.HAL_RCC_GetClockConfig  stm32f4xx_hal_rcc.o
    0x08002000   0x08002000   0x00000020   Code   RO         1235    i.HAL_RCC_GetPCLK1Freq  stm32f4xx_hal_rcc.o
    0x08002020   0x08002020   0x00000020   Code   RO         1236    i.HAL_RCC_GetPCLK2Freq  stm32f4xx_hal_rcc.o
    0x08002040   0x08002040   0x00000064   Code   RO         1237    i.HAL_RCC_GetSysClockFreq  stm32f4xx_hal_rcc.o
    0x080020a4   0x080020a4   0x0000036c   Code   RO         1240    i.HAL_RCC_OscConfig  stm32f4xx_hal_rcc.o
    0x08002410   0x08002410   0x00000028   Code   RO         1982    i.HAL_SYSTICK_Config  stm32f4xx_hal_cortex.o
    0x08002438   0x08002438   0x00000002   Code   RO         3065    i.HAL_TIMEx_BreakCallback  stm32f4xx_hal_tim_ex.o
    0x0800243a   0x0800243a   0x00000002   Code   RO         3066    i.HAL_TIMEx_CommutCallback  stm32f4xx_hal_tim_ex.o
    0x0800243c   0x0800243c   0x00000090   Code   RO         3084    i.HAL_TIMEx_MasterConfigSynchronization  stm32f4xx_hal_tim_ex.o
    0x080024cc   0x080024cc   0x0000005a   Code   RO         2361    i.HAL_TIM_Base_Init  stm32f4xx_hal_tim.o
    0x08002526   0x08002526   0x00000002   PAD
    0x08002528   0x08002528   0x0000003c   Code   RO          546    i.HAL_TIM_Base_MspInit  tim.o
    0x08002564   0x08002564   0x00000080   Code   RO         2366    i.HAL_TIM_Base_Start_IT  stm32f4xx_hal_tim.o
    0x080025e4   0x080025e4   0x00000030   Code   RO         2369    i.HAL_TIM_Base_Stop_IT  stm32f4xx_hal_tim.o
    0x08002614   0x08002614   0x000000dc   Code   RO         2370    i.HAL_TIM_ConfigClockSource  stm32f4xx_hal_tim.o
    0x080026f0   0x080026f0   0x00000002   Code   RO         2395    i.HAL_TIM_IC_CaptureCallback  stm32f4xx_hal_tim.o
    0x080026f2   0x080026f2   0x00000166   Code   RO         2409    i.HAL_TIM_IRQHandler  stm32f4xx_hal_tim.o
    0x08002858   0x08002858   0x00000080   Code   RO          547    i.HAL_TIM_MspPostInit  tim.o
    0x080028d8   0x080028d8   0x00000002   Code   RO         2412    i.HAL_TIM_OC_DelayElapsedCallback  stm32f4xx_hal_tim.o
    0x080028da   0x080028da   0x000000cc   Code   RO         2433    i.HAL_TIM_PWM_ConfigChannel  stm32f4xx_hal_tim.o
    0x080029a6   0x080029a6   0x0000005a   Code   RO         2436    i.HAL_TIM_PWM_Init  stm32f4xx_hal_tim.o
    0x08002a00   0x08002a00   0x0000003c   Code   RO          549    i.HAL_TIM_PWM_MspInit  tim.o
    0x08002a3c   0x08002a3c   0x00000002   Code   RO         2439    i.HAL_TIM_PWM_PulseFinishedCallback  stm32f4xx_hal_tim.o
    0x08002a3e   0x08002a3e   0x00000002   Code   RO         2447    i.HAL_TIM_PeriodElapsedCallback  stm32f4xx_hal_tim.o
    0x08002a40   0x08002a40   0x0000002a   Code   RO         2449    i.HAL_TIM_ReadCapturedValue  stm32f4xx_hal_tim.o
    0x08002a6a   0x08002a6a   0x00000002   Code   RO         2452    i.HAL_TIM_TriggerCallback  stm32f4xx_hal_tim.o
    0x08002a6c   0x08002a6c   0x00000062   Code   RO         3361    i.HAL_UART_Init     stm32f4xx_hal_uart.o
    0x08002ace   0x08002ace   0x00000002   PAD
    0x08002ad0   0x08002ad0   0x000000a8   Code   RO          618    i.HAL_UART_MspInit  usart.o
    0x08002b78   0x08002b78   0x00000002   Code   RO          667    i.HardFault_Handler  stm32f4xx_it.o
    0x08002b7a   0x08002b7a   0x0000002e   Code   RO          830    i.I2C_IsAcknowledgeFailed  stm32f4xx_hal_i2c.o
    0x08002ba8   0x08002ba8   0x000000fc   Code   RO          840    i.I2C_RequestMemoryRead  stm32f4xx_hal_i2c.o
    0x08002ca4   0x08002ca4   0x000000a8   Code   RO          841    i.I2C_RequestMemoryWrite  stm32f4xx_hal_i2c.o
    0x08002d4c   0x08002d4c   0x0000004c   Code   RO          845    i.I2C_WaitOnBTFFlagUntilTimeout  stm32f4xx_hal_i2c.o
    0x08002d98   0x08002d98   0x00000068   Code   RO          846    i.I2C_WaitOnFlagUntilTimeout  stm32f4xx_hal_i2c.o
    0x08002e00   0x08002e00   0x00000096   Code   RO          847    i.I2C_WaitOnMasterAddressFlagUntilTimeout  stm32f4xx_hal_i2c.o
    0x08002e96   0x08002e96   0x00000066   Code   RO          848    i.I2C_WaitOnRXNEFlagUntilTimeout  stm32f4xx_hal_i2c.o
    0x08002efc   0x08002efc   0x0000004c   Code   RO          849    i.I2C_WaitOnTXEFlagUntilTimeout  stm32f4xx_hal_i2c.o
    0x08002f48   0x08002f48   0x0000009c   Code   RO          276    i.Kalman_Dis_Init   location.o
    0x08002fe4   0x08002fe4   0x00000046   Code   RO         4356    i.Kalman_Filter     imu.o
    0x0800302a   0x0800302a   0x00000002   PAD
    0x0800302c   0x0800302c   0x00000038   Code   RO         4357    i.Kalman_Init       imu.o
    0x08003064   0x08003064   0x00000088   Code   RO         3914    i.MPU6050_Init      mpu6050.o
    0x080030ec   0x080030ec   0x00000054   Code   RO         3915    i.MPU6050_Read_Accel  mpu6050.o
    0x08003140   0x08003140   0x00000074   Code   RO         3916    i.MPU6050_Read_Gyro  mpu6050.o
    0x080031b4   0x080031b4   0x00000144   Code   RO          473    i.MX_GPIO_Init      gpio.o
    0x080032f8   0x080032f8   0x00000040   Code   RO          499    i.MX_I2C2_Init      i2c.o
    0x08003338   0x08003338   0x00000040   Code   RO          500    i.MX_I2C3_Init      i2c.o
    0x08003378   0x08003378   0x0000009c   Code   RO          550    i.MX_TIM2_Init      tim.o
    0x08003414   0x08003414   0x0000006c   Code   RO          551    i.MX_TIM3_Init      tim.o
    0x08003480   0x08003480   0x000000a0   Code   RO          552    i.MX_TIM4_Init      tim.o
    0x08003520   0x08003520   0x00000038   Code   RO          619    i.MX_USART1_UART_Init  usart.o
    0x08003558   0x08003558   0x00000038   Code   RO          620    i.MX_USART6_UART_Init  usart.o
    0x08003590   0x08003590   0x00000002   Code   RO          668    i.MemManage_Handler  stm32f4xx_it.o
    0x08003592   0x08003592   0x00000002   PAD
    0x08003594   0x08003594   0x00000204   Code   RO         4679    i.MotorControl      control.o
    0x08003798   0x08003798   0x000000bc   Code   RO         3918    i.MpuGetData        mpu6050.o
    0x08003854   0x08003854   0x0000010c   Code   RO         3919    i.MpuGetOffset      mpu6050.o
    0x08003960   0x08003960   0x00000002   Code   RO          669    i.NMI_Handler       stm32f4xx_it.o
    0x08003962   0x08003962   0x0000001e   Code   RO         4128    i.NRF24L01_GPIO_Init  nrf24l01.o
    0x08003980   0x08003980   0x0000006c   Code   RO         4129    i.NRF24L01_Init     nrf24l01.o
    0x080039ec   0x080039ec   0x00000028   Code   RO         4131    i.NRF24L01_RX       nrf24l01.o
    0x08003a14   0x08003a14   0x00000018   Code   RO         4132    i.NRF24L01_RXFLUSH  nrf24l01.o
    0x08003a2c   0x08003a2c   0x0000000c   Code   RO         4133    i.NRF24L01_R_MISO   nrf24l01.o
    0x08003a38   0x08003a38   0x00000030   Code   RO         4134    i.NRF24L01_ReadRXPayLoad  nrf24l01.o
    0x08003a68   0x08003a68   0x00000022   Code   RO         4135    i.NRF24L01_ReadReg  nrf24l01.o
    0x08003a8a   0x08003a8a   0x0000001a   Code   RO         4137    i.NRF24L01_ReadStatus  nrf24l01.o
    0x08003aa4   0x08003aa4   0x0000004c   Code   RO         4138    i.NRF24L01_Receive  nrf24l01.o
    0x08003af0   0x08003af0   0x0000003a   Code   RO         4139    i.NRF24L01_SPI_SwapDate  nrf24l01.o
    0x08003b2a   0x08003b2a   0x00000018   Code   RO         4142    i.NRF24L01_TXFLUSH  nrf24l01.o
    0x08003b42   0x08003b42   0x00000002   PAD
    0x08003b44   0x08003b44   0x00000010   Code   RO         4144    i.NRF24L01_W_CE     nrf24l01.o
    0x08003b54   0x08003b54   0x00000010   Code   RO         4145    i.NRF24L01_W_MOSI   nrf24l01.o
    0x08003b64   0x08003b64   0x00000010   Code   RO         4146    i.NRF24L01_W_SCK    nrf24l01.o
    0x08003b74   0x08003b74   0x00000010   Code   RO         4147    i.NRF24L01_W_SCN    nrf24l01.o
    0x08003b84   0x08003b84   0x00000024   Code   RO         4148    i.NRF24L01_WriteReg  nrf24l01.o
    0x08003ba8   0x08003ba8   0x00000032   Code   RO         4149    i.NRF24L01_WriteRegs  nrf24l01.o
    0x08003bda   0x08003bda   0x00000034   Code   RO         3727    i.OLED_Clear        oled.o
    0x08003c0e   0x08003c0e   0x00000002   PAD
    0x08003c10   0x08003c10   0x00000020   Code   RO         3733    i.OLED_Init         oled.o
    0x08003c30   0x08003c30   0x00000022   Code   RO         3736    i.OLED_Set_Pos      oled.o
    0x08003c52   0x08003c52   0x00000002   PAD
    0x08003c54   0x08003c54   0x0000009c   Code   RO         3738    i.OLED_ShowChar     oled.o
    0x08003cf0   0x08003cf0   0x00000074   Code   RO         3739    i.OLED_ShowNum      oled.o
    0x08003d64   0x08003d64   0x00000024   Code   RO         3744    i.OLED_WR_CMD       oled.o
    0x08003d88   0x08003d88   0x00000024   Code   RO         3745    i.OLED_WR_DATA      oled.o
    0x08003dac   0x08003dac   0x00000002   Code   RO          670    i.PendSV_Handler    stm32f4xx_it.o
    0x08003dae   0x08003dae   0x00000002   PAD
    0x08003db0   0x08003db0   0x00000078   Code   RO         3884    i.PilotLED          led.o
    0x08003e28   0x08003e28   0x0000002c   Code   RO         4484    i.Q_rsqrt           mymath.o
    0x08003e54   0x08003e54   0x000001a8   Code   RO         4816    i.RC_Analy          remote.o
    0x08003ffc   0x08003ffc   0x00000002   Code   RO          671    i.SVC_Handler       stm32f4xx_it.o
    0x08003ffe   0x08003ffe   0x00000002   PAD
    0x08004000   0x08004000   0x00000028   Code   RO         3920    i.Sensor_I2C2_Read  mpu6050.o
    0x08004028   0x08004028   0x00000034   Code   RO         3921    i.Sensor_I2C2_Serch  mpu6050.o
    0x0800405c   0x0800405c   0x00000028   Code   RO         3922    i.Sensor_I2C2_Write  mpu6050.o
    0x08004084   0x08004084   0x00000004   Code   RO          672    i.SysTick_Handler   stm32f4xx_it.o
    0x08004088   0x08004088   0x00000098   Code   RO          402    i.SystemClock_Config  main.o
    0x08004120   0x08004120   0x00000010   Code   RO         3690    i.SystemInit        system_stm32f4xx.o
    0x08004130   0x08004130   0x000000a8   Code   RO          673    i.TIM3_IRQHandler   stm32f4xx_it.o
    0x080041d8   0x080041d8   0x000000c8   Code   RO         2454    i.TIM_Base_SetConfig  stm32f4xx_hal_tim.o
    0x080042a0   0x080042a0   0x00000014   Code   RO         2465    i.TIM_ETR_SetConfig  stm32f4xx_hal_tim.o
    0x080042b4   0x080042b4   0x00000010   Code   RO         2466    i.TIM_ITRx_SetConfig  stm32f4xx_hal_tim.o
    0x080042c4   0x080042c4   0x00000060   Code   RO         2467    i.TIM_OC1_SetConfig  stm32f4xx_hal_tim.o
    0x08004324   0x08004324   0x0000006c   Code   RO         2468    i.TIM_OC2_SetConfig  stm32f4xx_hal_tim.o
    0x08004390   0x08004390   0x00000068   Code   RO         2469    i.TIM_OC3_SetConfig  stm32f4xx_hal_tim.o
    0x080043f8   0x080043f8   0x00000050   Code   RO         2470    i.TIM_OC4_SetConfig  stm32f4xx_hal_tim.o
    0x08004448   0x08004448   0x00000022   Code   RO         2472    i.TIM_TI1_ConfigInputStage  stm32f4xx_hal_tim.o
    0x0800446a   0x0800446a   0x00000024   Code   RO         2474    i.TIM_TI2_ConfigInputStage  stm32f4xx_hal_tim.o
    0x0800448e   0x0800448e   0x00000002   PAD
    0x08004490   0x08004490   0x0000010c   Code   RO         3387    i.UART_SetConfig    stm32f4xx_hal_uart.o
    0x0800459c   0x0800459c   0x00000002   Code   RO         4093    i.UT_GetDistance    ut.o
    0x0800459e   0x0800459e   0x00000002   Code   RO         4094    i.UT_Init           ut.o
    0x080045a0   0x080045a0   0x00000002   Code   RO          674    i.UsageFault_Handler  stm32f4xx_it.o
    0x080045a2   0x080045a2   0x00000030   Code   RO         5079    i.__ARM_fpclassify  m_wm.l(fpclassify.o)
    0x080045d2   0x080045d2   0x00000020   Code   RO         1984    i.__NVIC_SetPriority  stm32f4xx_hal_cortex.o
    0x080045f2   0x080045f2   0x00000006   PAD
    0x080045f8   0x080045f8   0x00000360   Code   RO         4972    i.__hardfp_asin     m_wm.l(asin.o)
    0x08004958   0x08004958   0x000002d8   Code   RO         5042    i.__hardfp_atan     m_wm.l(atan.o)
    0x08004c30   0x08004c30   0x000001f0   Code   RO         4998    i.__hardfp_atan2    m_wm.l(atan2.o)
    0x08004e20   0x08004e20   0x000000c8   Code   RO         5010    i.__hardfp_cos      m_wm.l(cos.o)
    0x08004ee8   0x08004ee8   0x00000438   Code   RO         5100    i.__ieee754_rem_pio2  m_wm.l(rred.o)
    0x08005320   0x08005320   0x00000170   Code   RO         5056    i.__kernel_cos      m_wm.l(cos_i.o)
    0x08005490   0x08005490   0x000000f8   Code   RO         5097    i.__kernel_poly     m_wm.l(poly.o)
    0x08005588   0x08005588   0x00000130   Code   RO         5105    i.__kernel_sin      m_wm.l(sin_i.o)
    0x080056b8   0x080056b8   0x00000014   Code   RO         5060    i.__mathlib_dbl_infnan  m_wm.l(dunder.o)
    0x080056cc   0x080056cc   0x00000014   Code   RO         5061    i.__mathlib_dbl_infnan2  m_wm.l(dunder.o)
    0x080056e0   0x080056e0   0x00000020   Code   RO         5062    i.__mathlib_dbl_invalid  m_wm.l(dunder.o)
    0x08005700   0x08005700   0x00000020   Code   RO         5065    i.__mathlib_dbl_underflow  m_wm.l(dunder.o)
    0x08005720   0x08005720   0x00000010   Code   RO         5044    i.atan              m_wm.l(atan.o)
    0x08005730   0x08005730   0x00000024   Code   RO           14    i.cycleCounterInit  delay.o
    0x08005754   0x08005754   0x00000022   Code   RO           15    i.delay_ms          delay.o
    0x08005776   0x08005776   0x00000018   Code   RO         5075    i.fabs              m_wm.l(fabs.o)
    0x0800578e   0x0800578e   0x00000042   Code   RO         4406    i.kalman_1          kalman.o
    0x080057d0   0x080057d0   0x00000104   Code   RO          403    i.main              main.o
    0x080058d4   0x080058d4   0x00000010   Code   RO         3746    i.oled_pow          oled.o
    0x080058e4   0x080058e4   0x00000038   Code   RO         4589    i.pidRest           pid.o
    0x0800591c   0x0800591c   0x0000004a   Code   RO         4590    i.pidUpdate         pid.o
    0x08005966   0x08005966   0x00000002   PAD
    0x08005968   0x08005968   0x00000144   Code   RO          167    i.pid_param_Init    init.o
    0x08005aac   0x08005aac   0x0000006e   Code   RO         5113    i.sqrt              m_wm.l(sqrt.o)
    0x08005b1a   0x08005b1a   0x00000018   Code   RO         5031    x$fpl$basic         fz_wm.l(basic.o)
    0x08005b32   0x08005b32   0x00000002   PAD
    0x08005b34   0x08005b34   0x00000062   Code   RO         4946    x$fpl$d2f           fz_wm.l(d2f.o)
    0x08005b96   0x08005b96   0x00000002   PAD
    0x08005b98   0x08005b98   0x00000150   Code   RO         4948    x$fpl$dadd          fz_wm.l(daddsub_clz.o)
    0x08005ce8   0x08005ce8   0x000002b0   Code   RO         4955    x$fpl$ddiv          fz_wm.l(ddiv.o)
    0x08005f98   0x08005f98   0x0000005e   Code   RO         5157    x$fpl$dfix          fz_wm.l(dfix.o)
    0x08005ff6   0x08005ff6   0x00000002   PAD
    0x08005ff8   0x08005ff8   0x0000005a   Code   RO         4958    x$fpl$dfixu         fz_wm.l(dfixu.o)
    0x08006052   0x08006052   0x0000002e   Code   RO         4963    x$fpl$dflt          fz_wm.l(dflt_clz.o)
    0x08006080   0x08006080   0x00000026   Code   RO         4962    x$fpl$dfltu         fz_wm.l(dflt_clz.o)
    0x080060a6   0x080060a6   0x00000002   PAD
    0x080060a8   0x080060a8   0x00000154   Code   RO         4968    x$fpl$dmul          fz_wm.l(dmul.o)
    0x080061fc   0x080061fc   0x0000009c   Code   RO         5033    x$fpl$dnaninf       fz_wm.l(dnaninf.o)
    0x08006298   0x08006298   0x0000000c   Code   RO         5035    x$fpl$dretinf       fz_wm.l(dretinf.o)
    0x080062a4   0x080062a4   0x00000016   Code   RO         4949    x$fpl$drsb          fz_wm.l(daddsub_clz.o)
    0x080062ba   0x080062ba   0x00000002   PAD
    0x080062bc   0x080062bc   0x00000198   Code   RO         5163    x$fpl$dsqrt         fz_wm.l(dsqrt_umaal.o)
    0x08006454   0x08006454   0x000001d4   Code   RO         4950    x$fpl$dsub          fz_wm.l(daddsub_clz.o)
    0x08006628   0x08006628   0x00000056   Code   RO         4970    x$fpl$f2d           fz_wm.l(f2d.o)
    0x0800667e   0x0800667e   0x0000008c   Code   RO         5037    x$fpl$fnaninf       fz_wm.l(fnaninf.o)
    0x0800670a   0x0800670a   0x0000000a   Code   RO         5252    x$fpl$fpinit        fz_wm.l(fpinit.o)
    0x08006714   0x08006714   0x0000000a   Code   RO         5039    x$fpl$fretinf       fz_wm.l(fretinf.o)
    0x0800671e   0x0800671e   0x00000000   Code   RO         5041    x$fpl$usenofp       fz_wm.l(usenofp.o)
    0x0800671e   0x0800671e   0x00000010   Data   RO         3691    .constdata          system_stm32f4xx.o
    0x0800672e   0x0800672e   0x00000008   Data   RO         3692    .constdata          system_stm32f4xx.o
    0x08006736   0x08006736   0x00000228   Data   RO         3866    .constdata          oledfont.o
    0x0800695e   0x0800695e   0x000005e0   Data   RO         3867    .constdata          oledfont.o
    0x08006f3e   0x08006f3e   0x00000002   PAD
    0x08006f40   0x08006f40   0x00000004   Data   RO         4498    .constdata          mymath.o
    0x08006f44   0x08006f44   0x00000004   Data   RO         4500    .constdata          mymath.o
    0x08006f48   0x08006f48   0x00000004   Data   RO         4501    .constdata          mymath.o
    0x08006f4c   0x08006f4c   0x00000004   PAD
    0x08006f50   0x08006f50   0x00000050   Data   RO         4975    .constdata          m_wm.l(asin.o)
    0x08006fa0   0x08006fa0   0x00000098   Data   RO         5045    .constdata          m_wm.l(atan.o)
    0x08007038   0x08007038   0x00000030   Data   RO         5057    .constdata          m_wm.l(cos_i.o)
    0x08007068   0x08007068   0x00000008   Data   RO         5099    .constdata          m_wm.l(qnan.o)
    0x08007070   0x08007070   0x000000c8   Data   RO         5102    .constdata          m_wm.l(rred.o)
    0x08007138   0x08007138   0x00000028   Data   RO         5106    .constdata          m_wm.l(sin_i.o)
    0x08007160   0x08007160   0x00000020   Data   RO         5308    Region$$Table       anon$$obj.o


    Execution Region RW_IRAM1 (Exec base: 0x20000000, Load base: 0x08007180, Size: 0x00000d68, Max: 0x0001c000, ABSOLUTE, COMPRESSED[0x00000088])

    Exec Addr    Load Addr    Size         Type   Attr      Idx    E Section Name        Object

    0x20000000   COMPRESSED   0x00000004   Data   RW           17    .data               delay.o
    0x20000004   COMPRESSED   0x00000004   Data   RW          172    .data               init.o
    0x20000008   COMPRESSED   0x00000001   Data   RW          173    .data               init.o
    0x20000009   COMPRESSED   0x00000001   PAD
    0x2000000a   COMPRESSED   0x00000008   Data   RW          174    .data               init.o
    0x20000012   COMPRESSED   0x00000002   PAD
    0x20000014   COMPRESSED   0x0000001c   Data   RW          278    .data               location.o
    0x20000030   COMPRESSED   0x00000004   Data   RW          354    .data               flash.o
    0x20000034   COMPRESSED   0x00000002   Data   RW          404    .data               main.o
    0x20000036   COMPRESSED   0x00000002   Data   RW          675    .data               stm32f4xx_it.o
    0x20000038   COMPRESSED   0x0000000c   Data   RW         2128    .data               stm32f4xx_hal.o
    0x20000044   COMPRESSED   0x00000004   Data   RW         3693    .data               system_stm32f4xx.o
    0x20000048   COMPRESSED   0x00000017   Data   RW         3747    .data               oled.o
    0x2000005f   COMPRESSED   0x00000001   PAD
    0x20000060   COMPRESSED   0x00000008   Data   RW         3885    .data               led.o
    0x20000068   COMPRESSED   0x00000050   Data   RW         3924    .data               mpu6050.o
    0x200000b8   COMPRESSED   0x00000012   Data   RW         4151    .data               nrf24l01.o
    0x200000ca   COMPRESSED   0x00000002   PAD
    0x200000cc   COMPRESSED   0x0000003c   Data   RW         4360    .data               imu.o
    0x20000108   COMPRESSED   0x00000040   Data   RW         4681    .data               control.o
    0x20000148        -       0x0000000c   Zero   RW          168    .bss                init.o
    0x20000154        -       0x0000000c   Zero   RW          169    .bss                init.o
    0x20000160        -       0x00000010   Zero   RW          170    .bss                init.o
    0x20000170        -       0x00000270   Zero   RW          171    .bss                init.o
    0x200003e0        -       0x00000060   Zero   RW          277    .bss                location.o
    0x20000440        -       0x000000a8   Zero   RW          501    .bss                i2c.o
    0x200004e8        -       0x000000d8   Zero   RW          553    .bss                tim.o
    0x200005c0        -       0x00000088   Zero   RW          621    .bss                usart.o
    0x20000648        -       0x00000020   Zero   RW         1400    .bss                stm32f4xx_hal_flash.o
    0x20000668        -       0x00000034   Zero   RW         3923    .bss                mpu6050.o
    0x2000069c        -       0x00000024   Zero   RW         4359    .bss                imu.o
    0x200006c0        -       0x00000048   Zero   RW         4818    .bss                remote.o
    0x20000708        -       0x00000060   Zero   RW         5166    .bss                c_w.l(libspace.o)
    0x20000768        -       0x00000200   Zero   RW            2    HEAP                startup_stm32f407xx.o
    0x20000968        -       0x00000400   Zero   RW            1    STACK               startup_stm32f407xx.o


    Execution Region RW_IRAM2 (Exec base: 0x2001c000, Load base: 0x08007208, Size: 0x00000000, Max: 0x00004000, ABSOLUTE)

    **** No section assigned to this execution region ****


==============================================================================

Image component sizes


      Code (inc. data)   RO Data    RW Data    ZI Data      Debug   Object Name

      1696        208          0         64          0       6380   control.o
       134         18          0          4          0     703210   delay.o
       108         16          0          4          0       1871   flash.o
       324         22          0          0          0       1051   gpio.o
       360         52          0          0        168       2326   i2c.o
      1646         74          0         60         36       5992   imu.o
       404         90          0         13        664       4258   init.o
        66          0          0          0          0       1171   kalman.o
       120         14          0          8          0       2313   led.o
       644        110          0         28         96       4424   location.o
       416         28          0          2          0      32729   main.o
       924         80          0         80         52     591322   mpu6050.o
        44          4         12          0          0        937   mymath.o
       630         32          0         18          0      10113   nrf24l01.o
       478         20          0         23          0       5500   oled.o
         0          0       2056          0          0        606   oledfont.o
       166          6          0          0          0       2007   pid.o
       424         64          0          0         72       3968   remote.o
        64         26        392          0       1536        828   startup_stm32f407xx.o
       180         28          0         12          0       9281   stm32f4xx_hal.o
       198         14          0          0          0      33851   stm32f4xx_hal_cortex.o
       520         66          0          0         32       6418   stm32f4xx_hal_flash.o
       516         46          0          0          0       2787   stm32f4xx_hal_gpio.o
      2538         62          0          0          0      14202   stm32f4xx_hal_i2c.o
        48          6          0          0          0        822   stm32f4xx_hal_msp.o
      1412         86          0          0          0       5785   stm32f4xx_hal_rcc.o
      1884        108          0          0          0      16475   stm32f4xx_hal_tim.o
       148         28          0          0          0       2389   stm32f4xx_hal_tim_ex.o
       366         10          0          0          0       1984   stm32f4xx_hal_uart.o
       188         24          0          2          0       4724   stm32f4xx_it.o
        16          4         24          4          0       1079   system_stm32f4xx.o
       672         60          0          0        216       4300   tim.o
       280         38          0          0        136       2327   usart.o
         4          0          0          0          0        847   ut.o

    ----------------------------------------------------------------------
     17648       1444       2522        328       3008    1488277   Object Totals
         0          0         32          0          0          0   (incl. Generated)
        30          0          6          6          0          0   (incl. Padding)

    ----------------------------------------------------------------------

      Code (inc. data)   RO Data    RW Data    ZI Data      Debug   Library Member Name

        90          0          0          0          0          0   __dczerorl2.o
         8          0          0          0          0         68   __main.o
         0          0          0          0          0          0   __rtentry.o
        12          0          0          0          0          0   __rtentry2.o
         6          0          0          0          0          0   __rtentry4.o
        52          8          0          0          0          0   __scatter.o
        28          0          0          0          0          0   __scatter_zi.o
        22          0          0          0          0        100   _rserrno.o
        18          0          0          0          0         80   exit.o
         6          0          0          0          0        152   heapauxi.o
         0          0          0          0          0          0   indicate_semi.o
         2          0          0          0          0          0   libinit.o
         6          0          0          0          0          0   libinit2.o
         2          0          0          0          0          0   libshutdown.o
         2          0          0          0          0          0   libshutdown2.o
         8          4          0          0         96         68   libspace.o
       238          0          0          0          0        100   lludivv7m.o
         8          4          0          0          0         68   rt_errno_addr_intlibspace.o
        78          0          0          0          0         80   rt_memclr_w.o
         2          0          0          0          0          0   rtexit.o
        10          0          0          0          0          0   rtexit2.o
        12          4          0          0          0         68   sys_exit.o
        74          0          0          0          0         80   sys_stackheap_outer.o
         2          0          0          0          0         68   use_no_semi.o
        24          0          0          0          0        164   basic.o
        98          4          0          0          0        140   d2f.o
       826         16          0          0          0        492   daddsub_clz.o
       688        140          0          0          0        256   ddiv.o
        94          4          0          0          0        140   dfix.o
        90          4          0          0          0        140   dfixu.o
        84          0          0          0          0        232   dflt_clz.o
       340         12          0          0          0        152   dmul.o
       156          4          0          0          0        140   dnaninf.o
        12          0          0          0          0        116   dretinf.o
       408         56          0          0          0        168   dsqrt_umaal.o
        86          4          0          0          0        132   f2d.o
       140          4          0          0          0        132   fnaninf.o
        10          0          0          0          0        116   fpinit.o
        10          0          0          0          0        116   fretinf.o
         0          0          0          0          0          0   usenofp.o
       864         94         80          0          0        280   asin.o
       744        106        152          0          0        352   atan.o
       496         64          0          0          0        192   atan2.o
       200         20          0          0          0        164   cos.o
       368         46         48          0          0        200   cos_i.o
       104         16          0          0          0        496   dunder.o
        24          0          0          0          0        124   fabs.o
        48          0          0          0          0        124   fpclassify.o
       248          0          0          0          0        152   poly.o
         0          0          8          0          0          0   qnan.o
      1080        142        200          0          0        188   rred.o
       304         24         40          0          0        208   sin_i.o
       110          0          0          0          0        148   sqrt.o

    ----------------------------------------------------------------------
      8358        780        528          0         96       6196   Library Totals
        16          0          0          0          0          0   (incl. Padding)

    ----------------------------------------------------------------------

      Code (inc. data)   RO Data    RW Data    ZI Data      Debug   Library Name

       686         20          0          0         96        932   c_w.l
      3066        248          0          0          0       2636   fz_wm.l
      4590        512        528          0          0       2628   m_wm.l

    ----------------------------------------------------------------------
      8358        780        528          0         96       6196   Library Totals

    ----------------------------------------------------------------------

==============================================================================


      Code (inc. data)   RO Data    RW Data    ZI Data      Debug   

     26006       2224       3050        328       3104    1476909   Grand Totals
     26006       2224       3050        136       3104    1476909   ELF Image Totals (compressed)
     26006       2224       3050        136          0          0   ROM Totals

==============================================================================

    Total RO  Size (Code + RO Data)                29056 (  28.38kB)
    Total RW  Size (RW Data + ZI Data)              3432 (   3.35kB)
    Total ROM Size (Code + RO Data + RW Data)      29192 (  28.51kB)

==============================================================================

